******************************************************************************
             TMS320C2000 Linker PC v22.6.1                     
******************************************************************************
>> Linked Thu Jul 23 19:56:39 2026

OUTPUT FILE NAME:   <tidm_02012_cancom_util_f28003x.out>
ENTRY POINT SYMBOL: "code_start"  address: 00080000


MEMORY CONFIGURATION

         name            origin    length      used     unused   attr    fill
----------------------  --------  ---------  --------  --------  ----  --------
PAGE 0:
  BOOT_RSVD             00000002   00000126  00000000  00000126  RWIX
  RAMM0                 00000128   000002d8  00000000  000002d8  RWIX
  RAMM1                 00000400   000003f8  00000100  000002f8  RWIX
  RAMLS0                00008000   00000800  0000004f  000007b1  RWIX
  RAMLS1                00008800   00000800  00000000  00000800  RWIX
  RAMLS2                00009000   00000800  00000000  00000800  RWIX
  RAMLS3                00009800   00000800  00000000  00000800  RWIX
  RAMLS4                0000a000   00000800  00000000  00000800  RWIX
  RAMLS5                0000a800   00000800  00000164  0000069c  RWIX
  RAMLS6                0000b000   00000800  00000000  00000800  RWIX
  RAMLS7                0000b800   00000800  00000000  00000800  RWIX
  RAMGS0                0000c000   00001000  00000000  00001000  RWIX
  RAMGS1                0000d000   00001000  00000000  00001000  RWIX
  RAMGS2                0000e000   00001000  00000000  00001000  RWIX
  RAMGS3                0000f000   00000ff8  00000000  00000ff8  RWIX
  BEGIN                 00080000   00000002  00000002  00000000  RWIX
  FLASH_BANK0_SEC0      00080002   00000ffe  00000000  00000ffe  RWIX
  FLASH_BANK0_SEC1      00081000   00001000  0000009f  00000f61  RWIX
  FLASH_BANK0_SEC2      00082000   00001000  00001000  00000000  RWIX
  FLASH_BANK0_SEC3      00083000   00001000  00000408  00000bf8  RWIX
  FLASH_BANK0_SEC4      00084000   00001000  00000000  00001000  RWIX
  FLASH_BANK0_SEC5      00085000   00001000  00000000  00001000  RWIX
  FLASH_BANK0_SEC6      00086000   00001000  00000000  00001000  RWIX
  FLASH_BANK0_SEC7      00087000   00001000  00000000  00001000  RWIX
  FLASH_BANK0_SEC8      00088000   00001000  00000000  00001000  RWIX
  FLASH_BANK0_SEC9      00089000   00001000  00000000  00001000  RWIX
  FLASH_BANK0_SEC10     0008a000   00001000  00000000  00001000  RWIX
  FLASH_BANK0_SEC11     0008b000   00001000  00000000  00001000  RWIX
  FLASH_BANK0_SEC12     0008c000   00001000  00000000  00001000  RWIX
  FLASH_BANK0_SEC13     0008d000   00001000  00000000  00001000  RWIX
  FLASH_BANK0_SEC14     0008e000   00001000  00000000  00001000  RWIX
  FLASH_BANK0_SEC15     0008f000   00001000  00000000  00001000  RWIX
  FLASH_BANK1_SEC0      00090000   00001000  00000000  00001000  RWIX
  FLASH_BANK1_SEC1      00091000   00001000  00000000  00001000  RWIX
  FLASH_BANK1_SEC2      00092000   00001000  00000000  00001000  RWIX
  FLASH_BANK1_SEC3      00093000   00001000  00000000  00001000  RWIX
  FLASH_BANK1_SEC4      00094000   00001000  00000000  00001000  RWIX
  FLASH_BANK1_SEC5      00095000   00001000  00000000  00001000  RWIX
  FLASH_BANK1_SEC6      00096000   00001000  00000000  00001000  RWIX
  FLASH_BANK1_SEC7      00097000   00001000  00000000  00001000  RWIX
  FLASH_BANK1_SEC8      00098000   00001000  00000000  00001000  RWIX
  FLASH_BANK1_SEC9      00099000   00001000  00000000  00001000  RWIX
  FLASH_BANK1_SEC10     0009a000   00001000  00000000  00001000  RWIX
  FLASH_BANK1_SEC11     0009b000   00001000  00000000  00001000  RWIX
  FLASH_BANK1_SEC12     0009c000   00001000  00000000  00001000  RWIX
  FLASH_BANK1_SEC13     0009d000   00001000  00000000  00001000  RWIX
  FLASH_BANK1_SEC14     0009e000   00001000  00000000  00001000  RWIX
  FLASH_BANK1_SEC15     0009f000   00001000  00000000  00001000  RWIX
  FLASH_BANK2_SEC0      000a0000   00001000  00000000  00001000  RWIX
  FLASH_BANK2_SEC1      000a1000   00001000  00000000  00001000  RWIX
  FLASH_BANK2_SEC2      000a2000   00001000  00000000  00001000  RWIX
  FLASH_BANK2_SEC3      000a3000   00001000  00000000  00001000  RWIX
  FLASH_BANK2_SEC4      000a4000   00001000  00000000  00001000  RWIX
  FLASH_BANK2_SEC5      000a5000   00001000  00000000  00001000  RWIX
  FLASH_BANK2_SEC6      000a6000   00001000  00000000  00001000  RWIX
  FLASH_BANK2_SEC7      000a7000   00001000  00000000  00001000  RWIX
  FLASH_BANK2_SEC8      000a8000   00001000  00000000  00001000  RWIX
  FLASH_BANK2_SEC9      000a9000   00001000  00000000  00001000  RWIX
  FLASH_BANK2_SEC10     000aa000   00001000  00000000  00001000  RWIX
  FLASH_BANK2_SEC11     000ab000   00001000  00000000  00001000  RWIX
  FLASH_BANK2_SEC12     000ac000   00001000  00000000  00001000  RWIX
  FLASH_BANK2_SEC13     000ad000   00001000  00000000  00001000  RWIX
  FLASH_BANK2_SEC14     000ae000   00001000  00000000  00001000  RWIX
  FLASH_BANK2_SEC15     000af000   00000ff0  00000000  00000ff0  RWIX
  SECURE_ROM            003f2000   00006000  00000000  00006000  RWIX
  BOOTROM               003f8000   00007fc0  00000000  00007fc0  RWIX
  RESET                 003fffc0   00000002  00000000  00000002  RWIX

PAGE 1:
  ADCARESULT            00000b00   00000018  00000000  00000018  RWIX
  ADCBRESULT            00000b20   00000018  00000000  00000018  RWIX
  ADCCRESULT            00000b40   00000018  00000000  00000018  RWIX
  CPUTIMER0             00000c00   00000008  00000000  00000008  RWIX
  CPUTIMER1             00000c08   00000008  00000000  00000008  RWIX
  CPUTIMER2             00000c10   00000008  00000000  00000008  RWIX
  PIECTRL               00000ce0   0000001a  00000000  0000001a  RWIX
  PIEVECTTABLE          00000d00   00000200  00000000  00000200  RWIX
  DMA                   00001000   00000200  00000000  00000200  RWIX
  CLA1                  00001400   00000080  00000000  00000080  RWIX
  CLB1LOGICCFG          00003000   00000052  00000000  00000052  RWIX
  CLB1LOGICCTRL         00003100   00000040  00000000  00000040  RWIX
  CLB1DATAEXCH          00003180   00000080  00000000  00000080  RWIX
  CLB2LOGICCFG          00003400   00000052  00000000  00000052  RWIX
  CLB2LOGICCTRL         00003500   00000040  00000000  00000040  RWIX
  CLB2DATAEXCH          00003580   00000080  00000000  00000080  RWIX
  CLB3LOGICCFG          00003800   00000052  00000000  00000052  RWIX
  CLB3LOGICCTRL         00003900   00000040  00000000  00000040  RWIX
  CLB3DATAEXCH          00003980   00000080  00000000  00000080  RWIX
  CLB4LOGICCFG          00003c00   00000052  00000000  00000052  RWIX
  CLB4LOGICCTRL         00003d00   00000040  00000000  00000040  RWIX
  CLB4DATAEXCH          00003d80   00000080  00000000  00000080  RWIX
  EPWM1                 00004000   00000100  00000000  00000100  RWIX
  EPWM2                 00004100   00000100  00000000  00000100  RWIX
  EPWM3                 00004200   00000100  00000000  00000100  RWIX
  EPWM4                 00004300   00000100  00000000  00000100  RWIX
  EPWM5                 00004400   00000100  00000000  00000100  RWIX
  EPWM6                 00004500   00000100  00000000  00000100  RWIX
  EPWM7                 00004600   00000100  00000000  00000100  RWIX
  EPWM8                 00004700   00000100  00000000  00000100  RWIX
  EQEP1                 00005100   00000040  00000000  00000040  RWIX
  EQEP2                 00005140   00000040  00000000  00000040  RWIX
  ECAP1                 00005200   00000020  00000000  00000020  RWIX
  ECAP2                 00005240   00000020  00000000  00000020  RWIX
  ECAP3                 00005280   00000020  00000000  00000020  RWIX
  HRCAP3                000052a0   00000020  00000000  00000020  RWIX
  DACA                  00005c00   00000008  00000000  00000008  RWIX
  DACB                  00005c10   00000008  00000000  00000008  RWIX
  CMPSS1                00005c80   00000020  00000000  00000020  RWIX
  CMPSS2                00005ca0   00000020  00000000  00000020  RWIX
  CMPSS3                00005cc0   00000020  00000000  00000020  RWIX
  CMPSS4                00005ce0   00000020  00000000  00000020  RWIX
  SDFM1                 00005e00   00000080  00000000  00000080  RWIX
  SDFM2                 00005e80   00000080  00000000  00000080  RWIX
  SPIA                  00006100   00000010  00000000  00000010  RWIX
  SPIB                  00006110   00000010  00000000  00000010  RWIX
  BGCRCCPU              00006340   00000040  00000000  00000040  RWIX
  BGCRCCLA1             00006380   00000040  00000000  00000040  RWIX
  PMBUSA                00006400   00000020  00000000  00000020  RWIX
  HIC                   00006500   00000080  00000000  00000080  RWIX
  FSITXA                00006600   00000050  00000000  00000050  RWIX
  FSIRXA                00006680   00000050  00000000  00000050  RWIX
  LINA                  00006a00   000000ec  00000000  000000ec  RWIX
  LINB                  00006b00   000000ec  00000000  000000ec  RWIX
  WD                    00007000   0000002c  00000000  0000002c  RWIX
  NMIINTRUPT            00007060   00000010  00000000  00000010  RWIX
  XINT                  00007070   0000000c  00000000  0000000c  RWIX
  SCIA                  00007200   00000010  00000000  00000010  RWIX
  SCIB                  00007210   00000010  00000000  00000010  RWIX
  I2CA                  00007300   00000022  00000000  00000022  RWIX
  I2CB                  00007340   00000022  00000000  00000022  RWIX
  ADCA                  00007400   00000080  00000000  00000080  RWIX
  ADCB                  00007480   00000080  00000000  00000080  RWIX
  ADCC                  00007500   00000080  00000000  00000080  RWIX
  INPUTXBAR             00007900   00000020  00000000  00000020  RWIX
  XBAR                  00007920   00000020  00000000  00000020  RWIX
  SYNCSOC               00007940   00000006  00000000  00000006  RWIX
  CLBINPUTXBAR          00007960   00000020  00000000  00000020  RWIX
  DMACLASRCSEL          00007980   0000001a  00000000  0000001a  RWIX
  EPWMXBAR              00007a00   00000040  00000000  00000040  RWIX
  CLBXBAR               00007a40   00000040  00000000  00000040  RWIX
  OUTPUTXBAR            00007a80   00000040  00000000  00000040  RWIX
  CLBOUTPUTXBAR         00007bc0   00000040  00000000  00000040  RWIX
  GPIOCTRL              00007c00   00000200  00000000  00000200  RWIX
  GPIODATA              00007f00   00000040  00000000  00000040  RWIX
  GPIODATAREAD          00007f80   00000010  00000000  00000010  RWIX
  LFU                   00007fe0   00000020  00000000  00000020  RWIX
  CANA                  00048000   00000200  00000000  00000200  RWIX
  MCANASS               0005c400   0000002c  00000000  0000002c  RWIX
  MCANA                 0005c600   00000100  00000000  00000100  RWIX
  MCANAERROR            0005c800   00000210  00000000  00000210  RWIX
  DEVCFG                0005d000   000001b0  00000000  000001b0  RWIX
  CLKCFG                0005d200   00000100  00000000  00000100  RWIX
  CPUSYS                0005d300   000000a0  00000000  000000a0  RWIX
  SYSSTATUS             0005d400   00000040  00000000  00000040  RWIX
  PERIPHAC              0005d500   00000200  00000000  00000200  RWIX
  ANALOGSUBSYS          0005d700   00000122  00000000  00000122  RWIX
  DCC0                  0005e700   00000038  00000000  00000038  RWIX
  DCC1                  0005e740   00000038  00000000  00000038  RWIX
  ERADGLOBAL            0005e800   00000014  00000000  00000014  RWIX
  ERADHWBP1             0005e900   00000008  00000000  00000008  RWIX
  ERADHWBP2             0005e908   00000008  00000000  00000008  RWIX
  ERADHWBP3             0005e910   00000008  00000000  00000008  RWIX
  ERADHWBP4             0005e918   00000008  00000000  00000008  RWIX
  ERADHWBP5             0005e920   00000008  00000000  00000008  RWIX
  ERADHWBP6             0005e928   00000008  00000000  00000008  RWIX
  ERADHWBP7             0005e930   00000008  00000000  00000008  RWIX
  ERADHWBP8             0005e938   00000008  00000000  00000008  RWIX
  ERADCOUNTER1          0005e980   00000010  00000000  00000010  RWIX
  ERADCOUNTER2          0005e990   00000010  00000000  00000010  RWIX
  ERADCOUNTER3          0005e9a0   00000010  00000000  00000010  RWIX
  ERADCOUNTER4          0005e9b0   00000010  00000000  00000010  RWIX
  ERADCRCGLOBAL         0005ea00   00000010  00000000  00000010  RWIX
  ERADCRC1              0005ea10   00000010  00000000  00000010  RWIX
  ERADCRC2              0005ea20   00000010  00000000  00000010  RWIX
  ERADCRC3              0005ea30   00000010  00000000  00000010  RWIX
  ERADCRC4              0005ea40   00000010  00000000  00000010  RWIX
  ERADCRC5              0005ea50   00000010  00000000  00000010  RWIX
  ERADCRC6              0005ea60   00000010  00000000  00000010  RWIX
  ERADCRC7              0005ea70   00000010  00000000  00000010  RWIX
  ERADCRC8              0005ea80   00000010  00000000  00000010  RWIX
  EPG1                  0005ec00   00000050  00000000  00000050  RWIX
  EPG1MUX               0005ecd0   00000010  00000000  00000010  RWIX
  DCSMZ1                0005f000   0000003e  00000000  0000003e  RWIX
  DCSMZ2                0005f080   0000003e  00000000  0000003e  RWIX
  DCSMCOMMON            0005f0c0   00000020  00000000  00000020  RWIX
  MEMCFG                0005f400   000000c0  00000000  000000c0  RWIX
  ACCESSPROTECTION      0005f500   00000040  00000000  00000040  RWIX
  MEMORYERROR           0005f540   00000040  00000000  00000040  RWIX
  TESTERROR             0005f590   00000010  00000000  00000010  RWIX
  FLASH0CTRL            0005f800   00000182  00000000  00000182  RWIX
  FLASH0ECC             0005fb00   00000028  00000000  00000028  RWIX
  UID                   00070200   00000010  00000000  00000010  RWIX
  DCSMZ1OTP             00078000   00000020  00000000  00000020  RWIX
  DCSMZ2OTP             00078200   00000020  00000000  00000020  RWIX


SECTION ALLOCATION MAP

 output                                  attributes/
section   page    origin      length       input sections
--------  ----  ----------  ----------   ----------------
codestart 
*          0    00080000    00000002     
                  00080000    00000002     f28003x_codestartbranch.obj (codestart)

.cinit     0    00081050    00000050     
                  00081050    0000003e     (.cinit..data.load) [load image, compression = lzss]
                  0008108e    00000006     (__TI_handler_table)
                  00081094    00000004     (.cinit..bss.load) [load image, compression = zero_init]
                  00081098    00000008     (__TI_cinit_table)

.reset     0    003fffc0    00000000     DSECT

.stack     0    00000400    00000100     UNINITIALIZED
                  00000400    00000100     --HOLE--

.init_array 
*          0    00081000    00000000     UNINITIALIZED

.bss       0    0000a800    00000102     UNINITIALIZED
                  0000a800    00000102     cancom_util_main.obj (.bss)

.data      0    0000a902    00000062     UNINITIALIZED
                  0000a902    00000020     mcan.obj (.data:dataSize)
                  0000a922    00000010     mcan.obj (.data:objSize)
                  0000a932    00000010     cancom_util_main.obj (.data:readBuffer)
                  0000a942    00000010     cancom_util_main.obj (.data:writeBuffer)
                  0000a952    00000008     cancom_util_main.obj (.data)
                  0000a95a    00000006     rts2800_fpu32_eabi.lib : exit.c.obj (.data)
                  0000a960    00000002                            : _lock.c.obj (.data:_lock)
                  0000a962    00000002                            : _lock.c.obj (.data:_unlock)

.TI.ramfunc 
*          0    00081000    0000004f     RUN ADDR = 00008000
                  00081000    0000004b     driverlib.lib : flash.obj (.TI.ramfunc:Flash_initModule)
                  0008104b    00000004                   : sysctl.obj (.TI.ramfunc)

.text.1    0    00082000    00001000     
                  00082000    00000193     board.obj (.text:MCAN_COM_init)
                  00082193    00000178     mcan.obj (.text:MCAN_msgRAMConfig)
                  0008230b    0000011d     driverlib.lib : sysctl.obj (.text:SysCtl_setClock)
                  00082428    000000e9                   : sysctl.obj (.text:SysCtl_isPLLValid)
                  00082511    000000d3     device.obj (.text:Device_enableAllPeripherals)
                  000825e4    000000cc     mcan.obj (.text:MCAN_init)
                  000826b0    000000b7     mcan.obj (.text:MCAN_writeMsg)
                  00082767    000000b3     mcan.obj (.text:MCAN_readMsg)
                  0008281a    000000a6     mcan.obj (.text:MCAN_config)
                  000828c0    00000091     mcan.obj (.text:MCAN_setBitTime)
                  00082951    00000088     rts2800_fpu32_eabi.lib : fs_div28.asm.obj (.text)
                  000829d9    0000007f     cancom_util_main.obj (.text:readData)
                  00082a58    00000076     cancom_util_main.obj (.text:main)
                  00082ace    00000071     mcan.obj (.text:MCAN_readMsgRam)
                  00082b3f    0000006c     cancom_util_main.obj (.text:mcanISR)
                  00082bab    0000005c     board.obj (.text:PinMux_init)
                  00082c07    00000058     mcan.obj (.text:MCAN_getRevisionId)
                  00082c5f    0000004b     cancom_util_main.obj (.text:INT_myCPUTIMER0_ISR)
                  00082caa    00000049     mcan.obj (.text:MCAN_lpbkModeEnable)
                  00082cf3    00000045     driverlib.lib : gpio.obj (.text:GPIO_setAnalogMode)
                  00082d38    00000045                   : sysctl.obj (.text:SysCtl_selectXTAL)
                  00082d7d    00000041                   : interrupt.obj (.text:Interrupt_initModule)
                  00082dbe    0000003f     device.obj (.text:Device_init)
                  00082dfd    0000003f     driverlib.lib : gpio.obj (.text:GPIO_setPadConfig)
                  00082e3c    0000003f     board.obj (.text:myWATCHDOG0_init)
                  00082e7b    0000003e     driverlib.lib : sysctl.obj (.text:SysCtl_pollX1Counter)
                  00082eb9    0000003d     board.obj (.text:EEPROM_SPI_init)
                  00082ef6    0000003c     mcan.obj (.text:MCAN_writeMsgRam)
                  00082f32    0000003b     mcan.obj (.text:MCAN_writeRxFIFOAck)
                  00082f6d    00000036     driverlib.lib : interrupt.obj (.text:Interrupt_enable)
                  00082fa3    00000036     cancom_util_main.obj (.text:writeData)
                  00082fd9    00000026     spi.obj (.text:SPI_setConfig)
                  00082fff    00000001     rts2800_fpu32_eabi.lib : startup.c.obj (.text)

.text.2    0    00083000    00000408     
                  00083000    00000035     cancom_util_main.obj (.text:CANCOM_init)
                  00083035    00000033     board.obj (.text:myCPUTIMER0_init)
                  00083068    00000031     driverlib.lib : sysctl.obj (.text:SysCtl_selectOscSource)
                  00083099    00000030                   : gpio.obj (.text:GPIO_setPinConfig)
                  000830c9    00000030     mcan.obj (.text:MCAN_addStdMsgIDFilter)
                  000830f9    00000030     rts2800_fpu32_eabi.lib : copy_decompress_lzss.c.obj (.text:decompress:lzss)
                  00083129    0000002b                            : autoinit.c.obj (.text:__TI_auto_init_nobinit_nopinit)
                  00083154    00000029                            : exit.c.obj (.text)
                  0008317d    00000028     cancom_util_main.obj (.text:enableWrite)
                  000831a5    00000024     mcan.obj (.text:MCAN_txBufTransIntrEnable)
                  000831c9    00000022     driverlib.lib : gpio.obj (.text:GPIO_setControllerCore)
                  000831eb    00000022                   : gpio.obj (.text:GPIO_setQualificationMode)
                  0008320d    00000021                   : sysctl.obj (.text:SysCtl_selectXTALSingleEnded)
                  0008322e    00000020                   : gpio.obj (.text:GPIO_setDirectionMode)
                  0008324e    0000001d     rts2800_fpu32_eabi.lib : memcpy.c.obj (.text)
                  0008326b    0000001b     mcan.obj (.text:MCAN_txBufAddReq)
                  00083286    0000001a     mcan.obj (.text:MCAN_enableIntrLine)
                  000832a0    00000019     board.obj (.text:CAN_SLP_init)
                  000832b9    00000017     board.obj (.text:INTERRUPT_init)
                  000832d0    00000017     mcan.obj (.text:MCAN_enableIntr)
                  000832e7    00000017     rts2800_fpu32_eabi.lib : boot28.asm.obj (.text)
                  000832fe    00000015     driverlib.lib : interrupt.obj (.text:Interrupt_initVectorTable)
                  00083313    00000015     mcan.obj (.text:MCAN_selectIntrLine)
                  00083328    00000013     device.obj (.text:Device_initGPIO)
                  0008333b    00000011     board.obj (.text:Board_init)
                  0008334c    0000000f     mcan.obj (.text:MCAN_isMemInitDone)
                  0008335b    0000000f     mcan.obj (.text:MCAN_setOpMode)
                  0008336a    0000000d     rts2800_fpu32_eabi.lib : copy_zero_init.c.obj (.text:decompress:ZI:__TI_zero_init_nomemset)
                  00083377    0000000c     cancom_util_main.obj (.text:CANCOM_updateCANCmdFreq)
                  00083383    0000000c     driverlib.lib : interrupt.obj (.text:Interrupt_defaultHandler)
                  0008338f    0000000c     rts2800_fpu32_eabi.lib : args_main.c.obj (.text)
                  0008339b    0000000a     driverlib.lib : interrupt.obj (.text:Interrupt_illegalOperationHandler)
                  000833a5    0000000a                   : interrupt.obj (.text:Interrupt_nmiHandler)
                  000833af    00000009     mcan.obj (.text:MCAN_extTSWriteEOI)
                  000833b8    00000009     rts2800_fpu32_eabi.lib : _lock.c.obj (.text)
                  000833c1    00000008     mcan.obj (.text:MCAN_writeProtectedRegAccessLock)
                  000833c9    00000008     rts2800_fpu32_eabi.lib : copy_decompress_none.c.obj (.text:decompress:none)
                  000833d1    00000008     f28003x_codestartbranch.obj (.text)
                  000833d9    00000007     mcan.obj (.text:MCAN_getDataSize)
                  000833e0    00000007     mcan.obj (.text:MCAN_getMsgObjSize)
                  000833e7    00000007     mcan.obj (.text:MCAN_getOpMode)
                  000833ee    00000007     mcan.obj (.text:MCAN_writeProtectedRegAccessUnlock)
                  000833f5    00000006     driverlib.lib : cputimer.obj (.text:CPUTimer_setEmulationMode)
                  000833fb    00000006     mcan.obj (.text:MCAN_clearIntrStatus)
                  00083401    00000005     mcan.obj (.text:MCAN_getIntrStatus)
                  00083406    00000002     rts2800_fpu32_eabi.lib : pre_init.c.obj (.text)

MODULE SUMMARY

       Module                        code   ro data   rw data
       ------                        ----   -------   -------
    .\
       mcan.obj                      1913   0         48     
       cancom_util_main.obj          587    0         298    
       device.obj                    293    0         0      
       spi.obj                       38     0         0      
       f28003x_codestartbranch.obj   10     0         0      
    +--+-----------------------------+------+---------+---------+
       Total:                        2841   0         346    
                                                             
    .\syscfg\
       board.obj                     735    0         0      
    +--+-----------------------------+------+---------+---------+
       Total:                        735    0         0      
                                                             
    C:\ti\ccs1281\ccs\tools\compiler\ti-cgt-c2000_22.6.1.LTS\lib\rts2800_fpu32_eabi.lib
       fs_div28.asm.obj              136    0         0      
       copy_decompress_lzss.c.obj    48     0         0      
       exit.c.obj                    41     0         6      
       autoinit.c.obj                43     0         0      
       memcpy.c.obj                  29     0         0      
       boot28.asm.obj                23     0         0      
       _lock.c.obj                   9      0         4      
       copy_zero_init.c.obj          13     0         0      
       args_main.c.obj               12     0         0      
       copy_decompress_none.c.obj    8      0         0      
       pre_init.c.obj                2      0         0      
       startup.c.obj                 1      0         0      
    +--+-----------------------------+------+---------+---------+
       Total:                        365    0         10     
                                                             
    E:/1. KZQ342_Project/Project_SDK/c2000ware/driverlib/f28003x/driverlib/ccs/Release/driverlib.lib
       sysctl.obj                    739    0         0      
       gpio.obj                      280    0         0      
       interrupt.obj                 172    0         0      
       flash.obj                     150    0         0      
       cputimer.obj                  6      0         0      
    +--+-----------------------------+------+---------+---------+
       Total:                        1347   0         0      
                                                             
       Stack:                        0      0         256    
       Linker Generated:             0      80        0      
    +--+-----------------------------+------+---------+---------+
       Grand Total:                  5288   80        612    


LINKER GENERATED COPY TABLES

__TI_cinit_table @ 00081098 records: 2, size/record: 4, table size: 8
	.data: load addr=00081050, load size=0000003e bytes, run addr=0000a902, run size=00000062 bytes, compression=lzss
	.bss: load addr=00081094, load size=00000004 bytes, run addr=0000a800, run size=00000102 bytes, compression=zero_init


LINKER GENERATED HANDLER TABLE

__TI_handler_table @ 0008108e records: 3, size/record: 2, table size: 6
	index: 0, handler: __TI_zero_init
	index: 1, handler: __TI_decompress_lzss
	index: 2, handler: __TI_decompress_none


GLOBAL DATA SYMBOLS: SORTED BY DATA PAGE

address     data page           name
--------    ----------------    ----
00000400      10 (00000400)     __stack

0000a800     2a0 (0000a800)     canComVars

0000a932     2a4 (0000a900)     readBuffer

0000a942     2a5 (0000a940)     writeBuffer
0000a952     2a5 (0000a940)     flag_write_test
0000a953     2a5 (0000a940)     flag_read_test
0000a954     2a5 (0000a940)     flagEnableCmd
0000a955     2a5 (0000a940)     flagCmdRun
0000a956     2a5 (0000a940)     counter_ISR_timer0
0000a958     2a5 (0000a940)     speedSet_Hz
0000a95a     2a5 (0000a940)     __TI_enable_exit_profile_output
0000a95c     2a5 (0000a940)     __TI_cleanup_ptr
0000a95e     2a5 (0000a940)     __TI_dtors_ptr
0000a960     2a5 (0000a940)     _lock
0000a962     2a5 (0000a940)     _unlock


GLOBAL SYMBOLS: SORTED ALPHABETICALLY BY Name 

page  address   name                             
----  -------   ----                             
0     0008333b  Board_init                       
0     00083154  C$$EXIT                          
0     00083000  CANCOM_init                      
0     00083377  CANCOM_updateCANCmdFreq          
0     000832a0  CAN_SLP_init                     
0     00083035  CPUTIMER_init                    
0     000833f5  CPUTimer_setEmulationMode        
0     00082511  Device_enableAllPeripherals      
0     00082dbe  Device_init                      
0     00083328  Device_initGPIO                  
0     00082eb9  EEPROM_SPI_init                  
0     00008000  Flash_initModule                 
0     000832a0  GPIO_init                        
0     00082cf3  GPIO_setAnalogMode               
0     000831c9  GPIO_setControllerCore           
0     0008322e  GPIO_setDirectionMode            
0     00082dfd  GPIO_setPadConfig                
0     00083099  GPIO_setPinConfig                
0     000831eb  GPIO_setQualificationMode        
0     000832b9  INTERRUPT_init                   
0     00082c5f  INT_myCPUTIMER0_ISR              
0     00083383  Interrupt_defaultHandler         
0     00082f6d  Interrupt_enable                 
0     0008339b  Interrupt_illegalOperationHandler
0     00082d7d  Interrupt_initModule             
0     000832fe  Interrupt_initVectorTable        
0     000833a5  Interrupt_nmiHandler             
0     00082000  MCAN_COM_init                    
0     00082000  MCAN_SYSCFG_init                 
0     000830c9  MCAN_addStdMsgIDFilter           
0     000833fb  MCAN_clearIntrStatus             
0     0008281a  MCAN_config                      
0     000832d0  MCAN_enableIntr                  
0     00083286  MCAN_enableIntrLine              
0     000833af  MCAN_extTSWriteEOI               
0     00083401  MCAN_getIntrStatus               
0     000833e0  MCAN_getMsgObjSize               
0     000833e7  MCAN_getOpMode                   
0     00082c07  MCAN_getRevisionId               
0     000825e4  MCAN_init                        
0     0008334c  MCAN_isMemInitDone               
0     00082caa  MCAN_lpbkModeEnable              
0     00082193  MCAN_msgRAMConfig                
0     00082ace  MCAN_readMsgRam                  
0     00083313  MCAN_selectIntrLine              
0     000828c0  MCAN_setBitTime                  
0     0008335b  MCAN_setOpMode                   
0     0008326b  MCAN_txBufAddReq                 
0     000831a5  MCAN_txBufTransIntrEnable        
0     00082ef6  MCAN_writeMsgRam                 
0     00082f32  MCAN_writeRxFIFOAck              
0     00082bab  PinMux_init                      
0     0008104f  RamfuncsLoadEnd                  
abs   0000004f  RamfuncsLoadSize                 
0     00081000  RamfuncsLoadStart                
0     0000804f  RamfuncsRunEnd                   
abs   0000004f  RamfuncsRunSize                  
0     00008000  RamfuncsRunStart                 
0     00082eb9  SPI_init                         
0     00082fd9  SPI_setConfig                    
0     0000804b  SysCtl_delay                     
0     00082428  SysCtl_isPLLValid                
0     00083068  SysCtl_selectOscSource           
0     00082d38  SysCtl_selectXTAL                
0     0008320d  SysCtl_selectXTALSingleEnded     
0     0008230b  SysCtl_setClock                  
0     00082e3c  WATCHDOG_init                    
0     00081098  __TI_CINIT_Base                  
0     000810a0  __TI_CINIT_Limit                 
0     000810a0  __TI_CINIT_Warm                  
0     0008108e  __TI_Handler_Table_Base          
0     00081094  __TI_Handler_Table_Limit         
0     00000500  __TI_STACK_END                   
abs   00000100  __TI_STACK_SIZE                  
0     00083129  __TI_auto_init_nobinit_nopinit   
0     0000a95c  __TI_cleanup_ptr                 
0     000830f9  __TI_decompress_lzss             
0     000833c9  __TI_decompress_none             
0     0000a95e  __TI_dtors_ptr                   
0     0000a95a  __TI_enable_exit_profile_output  
abs   ffffffff  __TI_pprof_out_hndl              
abs   ffffffff  __TI_prof_data_size              
abs   ffffffff  __TI_prof_data_start             
0     0008336a  __TI_zero_init_nomemset          
0     00082951  __c28xabi_divf                   
n/a   UNDEFED   __c_args__                       
0     00000400  __stack                          
0     0008338f  _args_main                       
0     000832e7  _c_int00                         
0     0000a960  _lock                            
0     000833c0  _nop                             
0     000833bc  _register_lock                   
0     000833b8  _register_unlock                 
0     00082fff  _system_post_cinit               
0     00083406  _system_pre_init                 
0     0000a962  _unlock                          
0     00083154  abort                            
0     0000a800  canComVars                       
0     00080000  code_start                       
0     0000a956  counter_ISR_timer0               
0     0008317d  enableWrite                      
0     00083156  exit                             
0     0000a955  flagCmdRun                       
0     0000a954  flagEnableCmd                    
0     0000a953  flag_read_test                   
0     0000a952  flag_write_test                  
0     00082a58  main                             
0     00082b3f  mcanISR                          
0     0008324e  memcpy                           
0     00083035  myCPUTIMER0_init                 
0     00082e3c  myWATCHDOG0_init                 
0     0000a932  readBuffer                       
0     000829d9  readData                         
0     0000a958  speedSet_Hz                      
0     0000a942  writeBuffer                      
0     00082fa3  writeData                        


GLOBAL SYMBOLS: SORTED BY Symbol Address 

page  address   name                             
----  -------   ----                             
0     00000400  __stack                          
0     00000500  __TI_STACK_END                   
0     00008000  Flash_initModule                 
0     00008000  RamfuncsRunStart                 
0     0000804b  SysCtl_delay                     
0     0000804f  RamfuncsRunEnd                   
0     0000a800  canComVars                       
0     0000a932  readBuffer                       
0     0000a942  writeBuffer                      
0     0000a952  flag_write_test                  
0     0000a953  flag_read_test                   
0     0000a954  flagEnableCmd                    
0     0000a955  flagCmdRun                       
0     0000a956  counter_ISR_timer0               
0     0000a958  speedSet_Hz                      
0     0000a95a  __TI_enable_exit_profile_output  
0     0000a95c  __TI_cleanup_ptr                 
0     0000a95e  __TI_dtors_ptr                   
0     0000a960  _lock                            
0     0000a962  _unlock                          
0     00080000  code_start                       
0     00081000  RamfuncsLoadStart                
0     0008104f  RamfuncsLoadEnd                  
0     0008108e  __TI_Handler_Table_Base          
0     00081094  __TI_Handler_Table_Limit         
0     00081098  __TI_CINIT_Base                  
0     000810a0  __TI_CINIT_Limit                 
0     000810a0  __TI_CINIT_Warm                  
0     00082000  MCAN_COM_init                    
0     00082000  MCAN_SYSCFG_init                 
0     00082193  MCAN_msgRAMConfig                
0     0008230b  SysCtl_setClock                  
0     00082428  SysCtl_isPLLValid                
0     00082511  Device_enableAllPeripherals      
0     000825e4  MCAN_init                        
0     0008281a  MCAN_config                      
0     000828c0  MCAN_setBitTime                  
0     00082951  __c28xabi_divf                   
0     000829d9  readData                         
0     00082a58  main                             
0     00082ace  MCAN_readMsgRam                  
0     00082b3f  mcanISR                          
0     00082bab  PinMux_init                      
0     00082c07  MCAN_getRevisionId               
0     00082c5f  INT_myCPUTIMER0_ISR              
0     00082caa  MCAN_lpbkModeEnable              
0     00082cf3  GPIO_setAnalogMode               
0     00082d38  SysCtl_selectXTAL                
0     00082d7d  Interrupt_initModule             
0     00082dbe  Device_init                      
0     00082dfd  GPIO_setPadConfig                
0     00082e3c  WATCHDOG_init                    
0     00082e3c  myWATCHDOG0_init                 
0     00082eb9  EEPROM_SPI_init                  
0     00082eb9  SPI_init                         
0     00082ef6  MCAN_writeMsgRam                 
0     00082f32  MCAN_writeRxFIFOAck              
0     00082f6d  Interrupt_enable                 
0     00082fa3  writeData                        
0     00082fd9  SPI_setConfig                    
0     00082fff  _system_post_cinit               
0     00083000  CANCOM_init                      
0     00083035  CPUTIMER_init                    
0     00083035  myCPUTIMER0_init                 
0     00083068  SysCtl_selectOscSource           
0     00083099  GPIO_setPinConfig                
0     000830c9  MCAN_addStdMsgIDFilter           
0     000830f9  __TI_decompress_lzss             
0     00083129  __TI_auto_init_nobinit_nopinit   
0     00083154  C$$EXIT                          
0     00083154  abort                            
0     00083156  exit                             
0     0008317d  enableWrite                      
0     000831a5  MCAN_txBufTransIntrEnable        
0     000831c9  GPIO_setControllerCore           
0     000831eb  GPIO_setQualificationMode        
0     0008320d  SysCtl_selectXTALSingleEnded     
0     0008322e  GPIO_setDirectionMode            
0     0008324e  memcpy                           
0     0008326b  MCAN_txBufAddReq                 
0     00083286  MCAN_enableIntrLine              
0     000832a0  CAN_SLP_init                     
0     000832a0  GPIO_init                        
0     000832b9  INTERRUPT_init                   
0     000832d0  MCAN_enableIntr                  
0     000832e7  _c_int00                         
0     000832fe  Interrupt_initVectorTable        
0     00083313  MCAN_selectIntrLine              
0     00083328  Device_initGPIO                  
0     0008333b  Board_init                       
0     0008334c  MCAN_isMemInitDone               
0     0008335b  MCAN_setOpMode                   
0     0008336a  __TI_zero_init_nomemset          
0     00083377  CANCOM_updateCANCmdFreq          
0     00083383  Interrupt_defaultHandler         
0     0008338f  _args_main                       
0     0008339b  Interrupt_illegalOperationHandler
0     000833a5  Interrupt_nmiHandler             
0     000833af  MCAN_extTSWriteEOI               
0     000833b8  _register_unlock                 
0     000833bc  _register_lock                   
0     000833c0  _nop                             
0     000833c9  __TI_decompress_none             
0     000833e0  MCAN_getMsgObjSize               
0     000833e7  MCAN_getOpMode                   
0     000833f5  CPUTimer_setEmulationMode        
0     000833fb  MCAN_clearIntrStatus             
0     00083401  MCAN_getIntrStatus               
0     00083406  _system_pre_init                 
abs   0000004f  RamfuncsLoadSize                 
abs   0000004f  RamfuncsRunSize                  
abs   00000100  __TI_STACK_SIZE                  
abs   ffffffff  __TI_pprof_out_hndl              
abs   ffffffff  __TI_prof_data_size              
abs   ffffffff  __TI_prof_data_start             
n/a   UNDEFED   __c_args__                       

[116 symbols]
