<?xml version="1.0" encoding="ISO-8859-1" ?>
<link_info>
   <banner>TMS320C2000 Linker PC v22.6.1.LTS</banner>
   <copyright>Copyright (c) 1996-2018 Texas Instruments Incorporated</copyright>
   <link_time>0x6a620177</link_time>
   <link_errors>0x0</link_errors>
   <output_file>tidm_02012_cancom_util_f28003x.out</output_file>
   <entry_point>
      <name>code_start</name>
      <address>0x80000</address>
   </entry_point>
   <input_file_list>
      <input_file id="fl-2">
         <path>.\syscfg\</path>
         <kind>object</kind>
         <file>board.obj</file>
         <name>board.obj</name>
      </input_file>
      <input_file id="fl-3">
         <path>.\syscfg\</path>
         <kind>object</kind>
         <file>c2000ware_libraries.obj</file>
         <name>c2000ware_libraries.obj</name>
      </input_file>
      <input_file id="fl-4">
         <path>.\</path>
         <kind>object</kind>
         <file>cancom_util_main.obj</file>
         <name>cancom_util_main.obj</name>
      </input_file>
      <input_file id="fl-5">
         <path>.\</path>
         <kind>object</kind>
         <file>device.obj</file>
         <name>device.obj</name>
      </input_file>
      <input_file id="fl-6">
         <path>.\</path>
         <kind>object</kind>
         <file>f28003x_codestartbranch.obj</file>
         <name>f28003x_codestartbranch.obj</name>
      </input_file>
      <input_file id="fl-7">
         <path>.\</path>
         <kind>object</kind>
         <file>f28003x_globalvariabledefs.obj</file>
         <name>f28003x_globalvariabledefs.obj</name>
      </input_file>
      <input_file id="fl-8">
         <path>.\</path>
         <kind>object</kind>
         <file>mcan.obj</file>
         <name>mcan.obj</name>
      </input_file>
      <input_file id="fl-9">
         <path>.\</path>
         <kind>object</kind>
         <file>spi.obj</file>
         <name>spi.obj</name>
      </input_file>
      <input_file id="fl-f">
         <kind>object</kind>
         <file>&lt;internal&gt;</file>
         <name>&lt;internal&gt;</name>
      </input_file>
      <input_file id="fl-10">
         <path>E:\1. KZQ342_Project\Project_SDK\c2000ware\driverlib\f28003x\driverlib\ccs\Release\</path>
         <kind>archive</kind>
         <file>driverlib.lib</file>
         <name>cputimer.obj</name>
      </input_file>
      <input_file id="fl-11">
         <path>E:\1. KZQ342_Project\Project_SDK\c2000ware\driverlib\f28003x\driverlib\ccs\Release\</path>
         <kind>archive</kind>
         <file>driverlib.lib</file>
         <name>dcc.obj</name>
      </input_file>
      <input_file id="fl-12">
         <path>E:\1. KZQ342_Project\Project_SDK\c2000ware\driverlib\f28003x\driverlib\ccs\Release\</path>
         <kind>archive</kind>
         <file>driverlib.lib</file>
         <name>flash.obj</name>
      </input_file>
      <input_file id="fl-13">
         <path>E:\1. KZQ342_Project\Project_SDK\c2000ware\driverlib\f28003x\driverlib\ccs\Release\</path>
         <kind>archive</kind>
         <file>driverlib.lib</file>
         <name>gpio.obj</name>
      </input_file>
      <input_file id="fl-14">
         <path>E:\1. KZQ342_Project\Project_SDK\c2000ware\driverlib\f28003x\driverlib\ccs\Release\</path>
         <kind>archive</kind>
         <file>driverlib.lib</file>
         <name>interrupt.obj</name>
      </input_file>
      <input_file id="fl-15">
         <path>E:\1. KZQ342_Project\Project_SDK\c2000ware\driverlib\f28003x\driverlib\ccs\Release\</path>
         <kind>archive</kind>
         <file>driverlib.lib</file>
         <name>sysctl.obj</name>
      </input_file>
      <input_file id="fl-21">
         <path>C:\ti\ccs1281\ccs\tools\compiler\ti-cgt-c2000_22.6.1.LTS\lib\</path>
         <kind>archive</kind>
         <file>rts2800_fpu32_eabi.lib</file>
         <name>boot28.asm.obj</name>
      </input_file>
      <input_file id="fl-22">
         <path>C:\ti\ccs1281\ccs\tools\compiler\ti-cgt-c2000_22.6.1.LTS\lib\</path>
         <kind>archive</kind>
         <file>rts2800_fpu32_eabi.lib</file>
         <name>fs_div28.asm.obj</name>
      </input_file>
      <input_file id="fl-23">
         <path>C:\ti\ccs1281\ccs\tools\compiler\ti-cgt-c2000_22.6.1.LTS\lib\</path>
         <kind>archive</kind>
         <file>rts2800_fpu32_eabi.lib</file>
         <name>memcpy.c.obj</name>
      </input_file>
      <input_file id="fl-24">
         <path>C:\ti\ccs1281\ccs\tools\compiler\ti-cgt-c2000_22.6.1.LTS\lib\</path>
         <kind>archive</kind>
         <file>rts2800_fpu32_eabi.lib</file>
         <name>pre_init.c.obj</name>
      </input_file>
      <input_file id="fl-25">
         <path>C:\ti\ccs1281\ccs\tools\compiler\ti-cgt-c2000_22.6.1.LTS\lib\</path>
         <kind>archive</kind>
         <file>rts2800_fpu32_eabi.lib</file>
         <name>autoinit.c.obj</name>
      </input_file>
      <input_file id="fl-26">
         <path>C:\ti\ccs1281\ccs\tools\compiler\ti-cgt-c2000_22.6.1.LTS\lib\</path>
         <kind>archive</kind>
         <file>rts2800_fpu32_eabi.lib</file>
         <name>copy_zero_init.c.obj</name>
      </input_file>
      <input_file id="fl-27">
         <path>C:\ti\ccs1281\ccs\tools\compiler\ti-cgt-c2000_22.6.1.LTS\lib\</path>
         <kind>archive</kind>
         <file>rts2800_fpu32_eabi.lib</file>
         <name>copy_decompress_none.c.obj</name>
      </input_file>
      <input_file id="fl-28">
         <path>C:\ti\ccs1281\ccs\tools\compiler\ti-cgt-c2000_22.6.1.LTS\lib\</path>
         <kind>archive</kind>
         <file>rts2800_fpu32_eabi.lib</file>
         <name>copy_decompress_lzss.c.obj</name>
      </input_file>
      <input_file id="fl-29">
         <path>C:\ti\ccs1281\ccs\tools\compiler\ti-cgt-c2000_22.6.1.LTS\lib\</path>
         <kind>archive</kind>
         <file>rts2800_fpu32_eabi.lib</file>
         <name>exit.c.obj</name>
      </input_file>
      <input_file id="fl-2a">
         <path>C:\ti\ccs1281\ccs\tools\compiler\ti-cgt-c2000_22.6.1.LTS\lib\</path>
         <kind>archive</kind>
         <file>rts2800_fpu32_eabi.lib</file>
         <name>_lock.c.obj</name>
      </input_file>
      <input_file id="fl-2b">
         <path>C:\ti\ccs1281\ccs\tools\compiler\ti-cgt-c2000_22.6.1.LTS\lib\</path>
         <kind>archive</kind>
         <file>rts2800_fpu32_eabi.lib</file>
         <name>args_main.c.obj</name>
      </input_file>
      <input_file id="fl-2c">
         <path>C:\ti\ccs1281\ccs\tools\compiler\ti-cgt-c2000_22.6.1.LTS\lib\</path>
         <kind>archive</kind>
         <file>rts2800_fpu32_eabi.lib</file>
         <name>memset.c.obj</name>
      </input_file>
      <input_file id="fl-2d">
         <path>C:\ti\ccs1281\ccs\tools\compiler\ti-cgt-c2000_22.6.1.LTS\lib\</path>
         <kind>archive</kind>
         <file>rts2800_fpu32_eabi.lib</file>
         <name>cpy_tbl.c.obj</name>
      </input_file>
      <input_file id="fl-2e">
         <path>C:\ti\ccs1281\ccs\tools\compiler\ti-cgt-c2000_22.6.1.LTS\lib\</path>
         <kind>archive</kind>
         <file>rts2800_fpu32_eabi.lib</file>
         <name>startup.c.obj</name>
      </input_file>
   </input_file_list>
   <object_component_list>
      <object_component id="oc-a6">
         <name>codestart</name>
         <load_address>0x80000</load_address>
         <run_address>0x80000</run_address>
         <size>0x2</size>
         <input_file_ref idref="fl-6"/>
      </object_component>
      <object_component id="oc-291">
         <name>.text:MCAN_COM_init</name>
         <load_address>0x82000</load_address>
         <run_address>0x82000</run_address>
         <size>0x193</size>
         <input_file_ref idref="fl-2"/>
      </object_component>
      <object_component id="oc-328">
         <name>.text:MCAN_msgRAMConfig</name>
         <load_address>0x82193</load_address>
         <run_address>0x82193</run_address>
         <size>0x178</size>
         <input_file_ref idref="fl-8"/>
      </object_component>
      <object_component id="oc-269">
         <name>.text:SysCtl_setClock</name>
         <load_address>0x8230b</load_address>
         <run_address>0x8230b</run_address>
         <size>0x11d</size>
         <input_file_ref idref="fl-15"/>
      </object_component>
      <object_component id="oc-2c9">
         <name>.text:SysCtl_isPLLValid</name>
         <load_address>0x82428</load_address>
         <run_address>0x82428</run_address>
         <size>0xe9</size>
         <input_file_ref idref="fl-15"/>
      </object_component>
      <object_component id="oc-26f">
         <name>.text:Device_enableAllPeripherals</name>
         <load_address>0x82511</load_address>
         <run_address>0x82511</run_address>
         <size>0xd3</size>
         <input_file_ref idref="fl-5"/>
      </object_component>
      <object_component id="oc-316">
         <name>.text:MCAN_init</name>
         <load_address>0x825e4</load_address>
         <run_address>0x825e4</run_address>
         <size>0xcc</size>
         <input_file_ref idref="fl-8"/>
      </object_component>
      <object_component id="oc-16c">
         <name>.text:MCAN_writeMsg</name>
         <load_address>0x826b0</load_address>
         <run_address>0x826b0</run_address>
         <size>0xb7</size>
         <input_file_ref idref="fl-8"/>
      </object_component>
      <object_component id="oc-159">
         <name>.text:MCAN_readMsg</name>
         <load_address>0x82767</load_address>
         <run_address>0x82767</run_address>
         <size>0xb3</size>
         <input_file_ref idref="fl-8"/>
      </object_component>
      <object_component id="oc-31c">
         <name>.text:MCAN_config</name>
         <load_address>0x8281a</load_address>
         <run_address>0x8281a</run_address>
         <size>0xa6</size>
         <input_file_ref idref="fl-8"/>
      </object_component>
      <object_component id="oc-322">
         <name>.text:MCAN_setBitTime</name>
         <load_address>0x828c0</load_address>
         <run_address>0x828c0</run_address>
         <size>0x91</size>
         <input_file_ref idref="fl-8"/>
      </object_component>
      <object_component id="oc-368">
         <name>.text</name>
         <load_address>0x82951</load_address>
         <run_address>0x82951</run_address>
         <size>0x88</size>
         <input_file_ref idref="fl-22"/>
      </object_component>
      <object_component id="oc-242">
         <name>.text:readData</name>
         <load_address>0x829d9</load_address>
         <run_address>0x829d9</run_address>
         <size>0x7f</size>
         <input_file_ref idref="fl-4"/>
      </object_component>
      <object_component id="oc-1de">
         <name>.text:main</name>
         <load_address>0x82a58</load_address>
         <run_address>0x82a58</run_address>
         <size>0x76</size>
         <input_file_ref idref="fl-4"/>
      </object_component>
      <object_component id="oc-101">
         <name>.text:MCAN_readMsgRam</name>
         <load_address>0x82ace</load_address>
         <run_address>0x82ace</run_address>
         <size>0x71</size>
         <input_file_ref idref="fl-8"/>
      </object_component>
      <object_component id="oc-b1">
         <name>.text:mcanISR</name>
         <load_address>0x82b3f</load_address>
         <run_address>0x82b3f</run_address>
         <size>0x6c</size>
         <input_file_ref idref="fl-4"/>
      </object_component>
      <object_component id="oc-27f">
         <name>.text:PinMux_init</name>
         <load_address>0x82bab</load_address>
         <run_address>0x82bab</run_address>
         <size>0x5c</size>
         <input_file_ref idref="fl-2"/>
      </object_component>
      <object_component id="oc-2fe">
         <name>.text:MCAN_getRevisionId</name>
         <load_address>0x82c07</load_address>
         <run_address>0x82c07</run_address>
         <size>0x58</size>
         <input_file_ref idref="fl-8"/>
      </object_component>
      <object_component id="oc-bd">
         <name>.text:INT_myCPUTIMER0_ISR</name>
         <load_address>0x82c5f</load_address>
         <run_address>0x82c5f</run_address>
         <size>0x4b</size>
         <input_file_ref idref="fl-4"/>
      </object_component>
      <object_component id="oc-334">
         <name>.text:MCAN_lpbkModeEnable</name>
         <load_address>0x82caa</load_address>
         <run_address>0x82caa</run_address>
         <size>0x49</size>
         <input_file_ref idref="fl-8"/>
      </object_component>
      <object_component id="oc-275">
         <name>.text:GPIO_setAnalogMode</name>
         <load_address>0x82cf3</load_address>
         <run_address>0x82cf3</run_address>
         <size>0x45</size>
         <input_file_ref idref="fl-13"/>
      </object_component>
      <object_component id="oc-361">
         <name>.text:SysCtl_selectXTAL</name>
         <load_address>0x82d38</load_address>
         <run_address>0x82d38</run_address>
         <size>0x45</size>
         <input_file_ref idref="fl-15"/>
      </object_component>
      <object_component id="oc-218">
         <name>.text:Interrupt_initModule</name>
         <load_address>0x82d7d</load_address>
         <run_address>0x82d7d</run_address>
         <size>0x41</size>
         <input_file_ref idref="fl-14"/>
      </object_component>
      <object_component id="oc-20c">
         <name>.text:Device_init</name>
         <load_address>0x82dbe</load_address>
         <run_address>0x82dbe</run_address>
         <size>0x3f</size>
         <input_file_ref idref="fl-5"/>
      </object_component>
      <object_component id="oc-2dd">
         <name>.text:GPIO_setPadConfig</name>
         <load_address>0x82dfd</load_address>
         <run_address>0x82dfd</run_address>
         <size>0x3f</size>
         <input_file_ref idref="fl-13"/>
      </object_component>
      <object_component id="oc-29d">
         <name>.text:myWATCHDOG0_init</name>
         <load_address>0x82e3c</load_address>
         <run_address>0x82e3c</run_address>
         <size>0x3f</size>
         <input_file_ref idref="fl-2"/>
      </object_component>
      <object_component id="oc-390">
         <name>.text:SysCtl_pollX1Counter</name>
         <load_address>0x82e7b</load_address>
         <run_address>0x82e7b</run_address>
         <size>0x3e</size>
         <input_file_ref idref="fl-15"/>
      </object_component>
      <object_component id="oc-297">
         <name>.text:EEPROM_SPI_init</name>
         <load_address>0x82eb9</load_address>
         <run_address>0x82eb9</run_address>
         <size>0x3d</size>
         <input_file_ref idref="fl-2"/>
      </object_component>
      <object_component id="oc-126">
         <name>.text:MCAN_writeMsgRam</name>
         <load_address>0x82ef6</load_address>
         <run_address>0x82ef6</run_address>
         <size>0x3c</size>
         <input_file_ref idref="fl-8"/>
      </object_component>
      <object_component id="oc-107">
         <name>.text:MCAN_writeRxFIFOAck</name>
         <load_address>0x82f32</load_address>
         <run_address>0x82f32</run_address>
         <size>0x3b</size>
         <input_file_ref idref="fl-8"/>
      </object_component>
      <object_component id="oc-119">
         <name>.text:Interrupt_enable</name>
         <load_address>0x82f6d</load_address>
         <run_address>0x82f6d</run_address>
         <size>0x36</size>
         <input_file_ref idref="fl-14"/>
      </object_component>
      <object_component id="oc-239">
         <name>.text:writeData</name>
         <load_address>0x82fa3</load_address>
         <run_address>0x82fa3</run_address>
         <size>0x36</size>
         <input_file_ref idref="fl-4"/>
      </object_component>
      <object_component id="oc-34d">
         <name>.text:SPI_setConfig</name>
         <load_address>0x82fd9</load_address>
         <run_address>0x82fd9</run_address>
         <size>0x26</size>
         <input_file_ref idref="fl-9"/>
      </object_component>
      <object_component id="oc-1f7">
         <name>.text</name>
         <load_address>0x82fff</load_address>
         <run_address>0x82fff</run_address>
         <size>0x1</size>
         <input_file_ref idref="fl-2e"/>
      </object_component>
      <object_component id="oc-224">
         <name>.text:CANCOM_init</name>
         <load_address>0x83000</load_address>
         <run_address>0x83000</run_address>
         <size>0x35</size>
         <input_file_ref idref="fl-4"/>
      </object_component>
      <object_component id="oc-285">
         <name>.text:myCPUTIMER0_init</name>
         <load_address>0x83035</load_address>
         <run_address>0x83035</run_address>
         <size>0x33</size>
         <input_file_ref idref="fl-2"/>
      </object_component>
      <object_component id="oc-2c3">
         <name>.text:SysCtl_selectOscSource</name>
         <load_address>0x83068</load_address>
         <run_address>0x83068</run_address>
         <size>0x31</size>
         <input_file_ref idref="fl-15"/>
      </object_component>
      <object_component id="oc-2d7">
         <name>.text:GPIO_setPinConfig</name>
         <load_address>0x83099</load_address>
         <run_address>0x83099</run_address>
         <size>0x30</size>
         <input_file_ref idref="fl-13"/>
      </object_component>
      <object_component id="oc-32e">
         <name>.text:MCAN_addStdMsgIDFilter</name>
         <load_address>0x830c9</load_address>
         <run_address>0x830c9</run_address>
         <size>0x30</size>
         <input_file_ref idref="fl-8"/>
      </object_component>
      <object_component id="oc-99">
         <name>.text:decompress:lzss</name>
         <load_address>0x830f9</load_address>
         <run_address>0x830f9</run_address>
         <size>0x30</size>
         <input_file_ref idref="fl-28"/>
      </object_component>
      <object_component id="oc-1ae">
         <name>.text:__TI_auto_init_nobinit_nopinit</name>
         <load_address>0x83129</load_address>
         <run_address>0x83129</run_address>
         <size>0x2b</size>
         <input_file_ref idref="fl-25"/>
      </object_component>
      <object_component id="oc-192">
         <name>.text</name>
         <load_address>0x83154</load_address>
         <run_address>0x83154</run_address>
         <size>0x29</size>
         <input_file_ref idref="fl-29"/>
      </object_component>
      <object_component id="oc-2a9">
         <name>.text:enableWrite</name>
         <load_address>0x8317d</load_address>
         <run_address>0x8317d</run_address>
         <size>0x28</size>
         <input_file_ref idref="fl-4"/>
      </object_component>
      <object_component id="oc-22a">
         <name>.text:MCAN_txBufTransIntrEnable</name>
         <load_address>0x831a5</load_address>
         <run_address>0x831a5</run_address>
         <size>0x24</size>
         <input_file_ref idref="fl-8"/>
      </object_component>
      <object_component id="oc-2f7">
         <name>.text:GPIO_setControllerCore</name>
         <load_address>0x831c9</load_address>
         <run_address>0x831c9</run_address>
         <size>0x22</size>
         <input_file_ref idref="fl-13"/>
      </object_component>
      <object_component id="oc-2e3">
         <name>.text:GPIO_setQualificationMode</name>
         <load_address>0x831eb</load_address>
         <run_address>0x831eb</run_address>
         <size>0x22</size>
         <input_file_ref idref="fl-13"/>
      </object_component>
      <object_component id="oc-35b">
         <name>.text:SysCtl_selectXTALSingleEnded</name>
         <load_address>0x8320d</load_address>
         <run_address>0x8320d</run_address>
         <size>0x21</size>
         <input_file_ref idref="fl-15"/>
      </object_component>
      <object_component id="oc-2f1">
         <name>.text:GPIO_setDirectionMode</name>
         <load_address>0x8322e</load_address>
         <run_address>0x8322e</run_address>
         <size>0x20</size>
         <input_file_ref idref="fl-13"/>
      </object_component>
      <object_component id="oc-de">
         <name>.text</name>
         <load_address>0x8324e</load_address>
         <run_address>0x8324e</run_address>
         <size>0x1d</size>
         <input_file_ref idref="fl-23"/>
      </object_component>
      <object_component id="oc-12c">
         <name>.text:MCAN_txBufAddReq</name>
         <load_address>0x8326b</load_address>
         <run_address>0x8326b</run_address>
         <size>0x1b</size>
         <input_file_ref idref="fl-8"/>
      </object_component>
      <object_component id="oc-346">
         <name>.text:MCAN_enableIntrLine</name>
         <load_address>0x83286</load_address>
         <run_address>0x83286</run_address>
         <size>0x1a</size>
         <input_file_ref idref="fl-8"/>
      </object_component>
      <object_component id="oc-28b">
         <name>.text:CAN_SLP_init</name>
         <load_address>0x832a0</load_address>
         <run_address>0x832a0</run_address>
         <size>0x19</size>
         <input_file_ref idref="fl-2"/>
      </object_component>
      <object_component id="oc-b2">
         <name>.text:INTERRUPT_init</name>
         <load_address>0x832b9</load_address>
         <run_address>0x832b9</run_address>
         <size>0x17</size>
         <input_file_ref idref="fl-2"/>
      </object_component>
      <object_component id="oc-33a">
         <name>.text:MCAN_enableIntr</name>
         <load_address>0x832d0</load_address>
         <run_address>0x832d0</run_address>
         <size>0x17</size>
         <input_file_ref idref="fl-8"/>
      </object_component>
      <object_component id="oc-149">
         <name>.text</name>
         <load_address>0x832e7</load_address>
         <run_address>0x832e7</run_address>
         <size>0x17</size>
         <input_file_ref idref="fl-21"/>
      </object_component>
      <object_component id="oc-c5">
         <name>.text:Interrupt_initVectorTable</name>
         <load_address>0x832fe</load_address>
         <run_address>0x832fe</run_address>
         <size>0x15</size>
         <input_file_ref idref="fl-14"/>
      </object_component>
      <object_component id="oc-340">
         <name>.text:MCAN_selectIntrLine</name>
         <load_address>0x83313</load_address>
         <run_address>0x83313</run_address>
         <size>0x15</size>
         <input_file_ref idref="fl-8"/>
      </object_component>
      <object_component id="oc-212">
         <name>.text:Device_initGPIO</name>
         <load_address>0x83328</load_address>
         <run_address>0x83328</run_address>
         <size>0x13</size>
         <input_file_ref idref="fl-5"/>
      </object_component>
      <object_component id="oc-21e">
         <name>.text:Board_init</name>
         <load_address>0x8333b</load_address>
         <run_address>0x8333b</run_address>
         <size>0x11</size>
         <input_file_ref idref="fl-2"/>
      </object_component>
      <object_component id="oc-304">
         <name>.text:MCAN_isMemInitDone</name>
         <load_address>0x8334c</load_address>
         <run_address>0x8334c</run_address>
         <size>0xf</size>
         <input_file_ref idref="fl-8"/>
      </object_component>
      <object_component id="oc-30a">
         <name>.text:MCAN_setOpMode</name>
         <load_address>0x8335b</load_address>
         <run_address>0x8335b</run_address>
         <size>0xf</size>
         <input_file_ref idref="fl-8"/>
      </object_component>
      <object_component id="oc-e6">
         <name>.text:decompress:ZI:__TI_zero_init_nomemset</name>
         <load_address>0x8336a</load_address>
         <run_address>0x8336a</run_address>
         <size>0xd</size>
         <input_file_ref idref="fl-26"/>
      </object_component>
      <object_component id="oc-230">
         <name>.text:CANCOM_updateCANCmdFreq</name>
         <load_address>0x83377</load_address>
         <run_address>0x83377</run_address>
         <size>0xc</size>
         <input_file_ref idref="fl-4"/>
      </object_component>
      <object_component id="oc-d5">
         <name>.text:Interrupt_defaultHandler</name>
         <load_address>0x83383</load_address>
         <run_address>0x83383</run_address>
         <size>0xc</size>
         <input_file_ref idref="fl-14"/>
      </object_component>
      <object_component id="oc-18c">
         <name>.text</name>
         <load_address>0x8338f</load_address>
         <run_address>0x8338f</run_address>
         <size>0xc</size>
         <input_file_ref idref="fl-2b"/>
      </object_component>
      <object_component id="oc-cf">
         <name>.text:Interrupt_illegalOperationHandler</name>
         <load_address>0x8339b</load_address>
         <run_address>0x8339b</run_address>
         <size>0xa</size>
         <input_file_ref idref="fl-14"/>
      </object_component>
      <object_component id="oc-c3">
         <name>.text:Interrupt_nmiHandler</name>
         <load_address>0x833a5</load_address>
         <run_address>0x833a5</run_address>
         <size>0xa</size>
         <input_file_ref idref="fl-14"/>
      </object_component>
      <object_component id="oc-113">
         <name>.text:MCAN_extTSWriteEOI</name>
         <load_address>0x833af</load_address>
         <run_address>0x833af</run_address>
         <size>0x9</size>
         <input_file_ref idref="fl-8"/>
      </object_component>
      <object_component id="oc-24e">
         <name>.text</name>
         <load_address>0x833b8</load_address>
         <run_address>0x833b8</run_address>
         <size>0x9</size>
         <input_file_ref idref="fl-2a"/>
      </object_component>
      <object_component id="oc-173">
         <name>.text:MCAN_writeProtectedRegAccessLock</name>
         <load_address>0x833c1</load_address>
         <run_address>0x833c1</run_address>
         <size>0x8</size>
         <input_file_ref idref="fl-8"/>
      </object_component>
      <object_component id="oc-9f">
         <name>.text:decompress:none</name>
         <load_address>0x833c9</load_address>
         <run_address>0x833c9</run_address>
         <size>0x8</size>
         <input_file_ref idref="fl-27"/>
      </object_component>
      <object_component id="oc-f2">
         <name>.text</name>
         <load_address>0x833d1</load_address>
         <run_address>0x833d1</run_address>
         <size>0x8</size>
         <input_file_ref idref="fl-6"/>
      </object_component>
      <object_component id="oc-1a0">
         <name>.text:MCAN_getDataSize</name>
         <load_address>0x833d9</load_address>
         <run_address>0x833d9</run_address>
         <size>0x7</size>
         <input_file_ref idref="fl-8"/>
      </object_component>
      <object_component id="oc-153">
         <name>.text:MCAN_getMsgObjSize</name>
         <load_address>0x833e0</load_address>
         <run_address>0x833e0</run_address>
         <size>0x7</size>
         <input_file_ref idref="fl-8"/>
      </object_component>
      <object_component id="oc-310">
         <name>.text:MCAN_getOpMode</name>
         <load_address>0x833e7</load_address>
         <run_address>0x833e7</run_address>
         <size>0x7</size>
         <input_file_ref idref="fl-8"/>
      </object_component>
      <object_component id="oc-37f">
         <name>.text:MCAN_writeProtectedRegAccessUnlock</name>
         <load_address>0x833ee</load_address>
         <run_address>0x833ee</run_address>
         <size>0x7</size>
         <input_file_ref idref="fl-8"/>
      </object_component>
      <object_component id="oc-2ea">
         <name>.text:CPUTimer_setEmulationMode</name>
         <load_address>0x833f5</load_address>
         <run_address>0x833f5</run_address>
         <size>0x6</size>
         <input_file_ref idref="fl-10"/>
      </object_component>
      <object_component id="oc-10d">
         <name>.text:MCAN_clearIntrStatus</name>
         <load_address>0x833fb</load_address>
         <run_address>0x833fb</run_address>
         <size>0x6</size>
         <input_file_ref idref="fl-8"/>
      </object_component>
      <object_component id="oc-f8">
         <name>.text:MCAN_getIntrStatus</name>
         <load_address>0x83401</load_address>
         <run_address>0x83401</run_address>
         <size>0x5</size>
         <input_file_ref idref="fl-8"/>
      </object_component>
      <object_component id="oc-185">
         <name>.text</name>
         <load_address>0x83406</load_address>
         <run_address>0x83406</run_address>
         <size>0x2</size>
         <input_file_ref idref="fl-24"/>
      </object_component>
      <object_component id="oc-44e">
         <name>.cinit..data.load</name>
         <load_address>0x81050</load_address>
         <run_address>0x81050</run_address>
         <size>0x3e</size>
      </object_component>
      <object_component id="oc-44b">
         <name>__TI_handler_table</name>
         <load_address>0x8108e</load_address>
         <run_address>0x8108e</run_address>
         <size>0x6</size>
      </object_component>
      <object_component id="oc-44d">
         <name>.cinit..bss.load</name>
         <load_address>0x81094</load_address>
         <run_address>0x81094</run_address>
         <size>0x4</size>
      </object_component>
      <object_component id="oc-44c">
         <name>__TI_cinit_table</name>
         <load_address>0x81098</load_address>
         <run_address>0x81098</run_address>
         <size>0x8</size>
      </object_component>
      <object_component id="oc-db">
         <name>.stack</name>
         <uninitialized>true</uninitialized>
         <run_address>0x400</run_address>
         <size>0x0</size>
         <input_file_ref idref="fl-21"/>
      </object_component>
      <object_component id="oc-44f">
         <name>.stack</name>
         <uninitialized>true</uninitialized>
         <run_address>0x400</run_address>
         <size>0x0</size>
      </object_component>
      <object_component id="oc-fe">
         <name>.bss</name>
         <uninitialized>true</uninitialized>
         <run_address>0xa800</run_address>
         <size>0x102</size>
         <input_file_ref idref="fl-4"/>
      </object_component>
      <object_component id="oc-123">
         <name>.data</name>
         <load_address>0xa952</load_address>
         <run_address>0xa952</run_address>
         <size>0x8</size>
         <input_file_ref idref="fl-4"/>
      </object_component>
      <object_component id="oc-236">
         <name>.data:writeBuffer</name>
         <load_address>0xa942</load_address>
         <run_address>0xa942</run_address>
         <size>0x10</size>
         <input_file_ref idref="fl-4"/>
      </object_component>
      <object_component id="oc-23f">
         <name>.data:readBuffer</name>
         <load_address>0xa932</load_address>
         <run_address>0xa932</run_address>
         <size>0x10</size>
         <input_file_ref idref="fl-4"/>
      </object_component>
      <object_component id="oc-19c">
         <name>.data:objSize</name>
         <load_address>0xa922</load_address>
         <run_address>0xa922</run_address>
         <size>0x10</size>
         <input_file_ref idref="fl-8"/>
      </object_component>
      <object_component id="oc-1f0">
         <name>.data:dataSize</name>
         <load_address>0xa902</load_address>
         <run_address>0xa902</run_address>
         <size>0x20</size>
         <input_file_ref idref="fl-8"/>
      </object_component>
      <object_component id="oc-1e6">
         <name>.data</name>
         <load_address>0xa95a</load_address>
         <run_address>0xa95a</run_address>
         <size>0x6</size>
         <input_file_ref idref="fl-29"/>
      </object_component>
      <object_component id="oc-1e9">
         <name>.data:_lock</name>
         <load_address>0xa960</load_address>
         <run_address>0xa960</run_address>
         <size>0x2</size>
         <input_file_ref idref="fl-2a"/>
      </object_component>
      <object_component id="oc-2b3">
         <name>.data:_unlock</name>
         <load_address>0xa962</load_address>
         <run_address>0xa962</run_address>
         <size>0x2</size>
         <input_file_ref idref="fl-2a"/>
      </object_component>
      <object_component id="oc-263">
         <name>.TI.ramfunc:Flash_initModule</name>
         <load_address>0x81000</load_address>
         <run_address>0x8000</run_address>
         <size>0x4b</size>
         <input_file_ref idref="fl-12"/>
      </object_component>
      <object_component id="oc-2c2">
         <name>.TI.ramfunc</name>
         <load_address>0x8104b</load_address>
         <run_address>0x804b</run_address>
         <size>0x4</size>
         <input_file_ref idref="fl-15"/>
      </object_component>
      <object_component id="oc-120">
         <name>.debug_types</name>
         <load_address>0x0</load_address>
         <run_address>0x0</run_address>
         <size>0x1b42</size>
         <input_file_ref idref="fl-2"/>
      </object_component>
      <object_component id="oc-122">
         <name>.debug_types</name>
         <load_address>0x1b42</load_address>
         <run_address>0x1b42</run_address>
         <size>0xaeb</size>
         <input_file_ref idref="fl-4"/>
      </object_component>
      <object_component id="oc-27c">
         <name>.debug_types</name>
         <load_address>0x262d</load_address>
         <run_address>0x262d</run_address>
         <size>0xcc3</size>
         <input_file_ref idref="fl-5"/>
      </object_component>
      <object_component id="oc-150">
         <name>.debug_types</name>
         <load_address>0x32f0</load_address>
         <run_address>0x32f0</run_address>
         <size>0x15b4</size>
         <input_file_ref idref="fl-8"/>
      </object_component>
      <object_component id="oc-38f">
         <name>.debug_types</name>
         <load_address>0x48a4</load_address>
         <run_address>0x48a4</run_address>
         <size>0x3a3</size>
         <input_file_ref idref="fl-9"/>
      </object_component>
      <object_component id="oc-378">
         <name>.debug_types</name>
         <load_address>0x4c47</load_address>
         <run_address>0x4c47</run_address>
         <size>0x2f</size>
         <input_file_ref idref="fl-10"/>
      </object_component>
      <object_component id="oc-2c1">
         <name>.debug_types</name>
         <load_address>0x4c76</load_address>
         <run_address>0x4c76</run_address>
         <size>0x1fa</size>
         <input_file_ref idref="fl-12"/>
      </object_component>
      <object_component id="oc-2d3">
         <name>.debug_types</name>
         <load_address>0x4e70</load_address>
         <run_address>0x4e70</run_address>
         <size>0x34a</size>
         <input_file_ref idref="fl-13"/>
      </object_component>
      <object_component id="oc-134">
         <name>.debug_types</name>
         <load_address>0x0</load_address>
         <run_address>0x0</run_address>
         <size>0x0</size>
         <input_file_ref idref="fl-14"/>
      </object_component>
      <object_component id="oc-2d0">
         <name>.debug_types</name>
         <load_address>0x51ba</load_address>
         <run_address>0x51ba</run_address>
         <size>0x7c6</size>
         <input_file_ref idref="fl-15"/>
      </object_component>
      <object_component id="oc-13c">
         <name>.debug_types</name>
         <load_address>0x5980</load_address>
         <run_address>0x5980</run_address>
         <size>0x142</size>
         <input_file_ref idref="fl-23"/>
      </object_component>
      <object_component id="oc-1ad">
         <name>.debug_types</name>
         <load_address>0x0</load_address>
         <run_address>0x0</run_address>
         <size>0x0</size>
         <input_file_ref idref="fl-24"/>
      </object_component>
      <object_component id="oc-1fe">
         <name>.debug_types</name>
         <load_address>0x5ac2</load_address>
         <run_address>0x5ac2</run_address>
         <size>0x48e</size>
         <input_file_ref idref="fl-25"/>
      </object_component>
      <object_component id="oc-141">
         <name>.debug_types</name>
         <load_address>0x5f50</load_address>
         <run_address>0x5f50</run_address>
         <size>0x194</size>
         <input_file_ref idref="fl-26"/>
      </object_component>
      <object_component id="oc-e5">
         <name>.debug_types</name>
         <load_address>0x0</load_address>
         <run_address>0x0</run_address>
         <size>0x0</size>
         <input_file_ref idref="fl-27"/>
      </object_component>
      <object_component id="oc-dd">
         <name>.debug_types</name>
         <load_address>0x60e4</load_address>
         <run_address>0x60e4</run_address>
         <size>0x191</size>
         <input_file_ref idref="fl-28"/>
      </object_component>
      <object_component id="oc-1ed">
         <name>.debug_types</name>
         <load_address>0x6275</load_address>
         <run_address>0x6275</run_address>
         <size>0xbf</size>
         <input_file_ref idref="fl-29"/>
      </object_component>
      <object_component id="oc-256">
         <name>.debug_types</name>
         <load_address>0x6334</load_address>
         <run_address>0x6334</run_address>
         <size>0x2f</size>
         <input_file_ref idref="fl-2a"/>
      </object_component>
      <object_component id="oc-1e5">
         <name>.debug_types</name>
         <load_address>0x6363</load_address>
         <run_address>0x6363</run_address>
         <size>0xe1</size>
         <input_file_ref idref="fl-2b"/>
      </object_component>
      <object_component id="oc-25d">
         <name>.debug_types</name>
         <load_address>0x0</load_address>
         <run_address>0x0</run_address>
         <size>0x0</size>
         <input_file_ref idref="fl-2e"/>
      </object_component>
      <object_component id="oc-29e">
         <name>.debug_info</name>
         <load_address>0x0</load_address>
         <run_address>0x0</run_address>
         <size>0x119</size>
         <input_file_ref idref="fl-2"/>
      </object_component>
      <object_component id="oc-288">
         <name>.debug_info</name>
         <load_address>0x119</load_address>
         <run_address>0x119</run_address>
         <size>0x174</size>
         <input_file_ref idref="fl-2"/>
      </object_component>
      <object_component id="oc-29a">
         <name>.debug_info</name>
         <load_address>0x28d</load_address>
         <run_address>0x28d</run_address>
         <size>0x118</size>
         <input_file_ref idref="fl-2"/>
      </object_component>
      <object_component id="oc-280">
         <name>.debug_info</name>
         <load_address>0x3a5</load_address>
         <run_address>0x3a5</run_address>
         <size>0x2e0</size>
         <input_file_ref idref="fl-2"/>
      </object_component>
      <object_component id="oc-294">
         <name>.debug_info</name>
         <load_address>0x685</load_address>
         <run_address>0x685</run_address>
         <size>0x312</size>
         <input_file_ref idref="fl-2"/>
      </object_component>
      <object_component id="oc-b4">
         <name>.debug_info</name>
         <load_address>0x997</load_address>
         <run_address>0x997</run_address>
         <size>0x12d</size>
         <input_file_ref idref="fl-2"/>
      </object_component>
      <object_component id="oc-28c">
         <name>.debug_info</name>
         <load_address>0xac4</load_address>
         <run_address>0xac4</run_address>
         <size>0x181</size>
         <input_file_ref idref="fl-2"/>
      </object_component>
      <object_component id="oc-221">
         <name>.debug_info</name>
         <load_address>0xc45</load_address>
         <run_address>0xc45</run_address>
         <size>0x177</size>
         <input_file_ref idref="fl-2"/>
      </object_component>
      <object_component id="oc-124">
         <name>.debug_info</name>
         <load_address>0xdbc</load_address>
         <run_address>0xdbc</run_address>
         <size>0x1d4</size>
         <input_file_ref idref="fl-4"/>
      </object_component>
      <object_component id="oc-237">
         <name>.debug_info</name>
         <load_address>0xf90</load_address>
         <run_address>0xf90</run_address>
         <size>0xe4</size>
         <input_file_ref idref="fl-4"/>
      </object_component>
      <object_component id="oc-240">
         <name>.debug_info</name>
         <load_address>0x1074</load_address>
         <run_address>0x1074</run_address>
         <size>0xe2</size>
         <input_file_ref idref="fl-4"/>
      </object_component>
      <object_component id="oc-ff">
         <name>.debug_info</name>
         <load_address>0x1156</load_address>
         <run_address>0x1156</run_address>
         <size>0xe2</size>
         <input_file_ref idref="fl-4"/>
      </object_component>
      <object_component id="oc-2aa">
         <name>.debug_info</name>
         <load_address>0x1238</load_address>
         <run_address>0x1238</run_address>
         <size>0x118</size>
         <input_file_ref idref="fl-4"/>
      </object_component>
      <object_component id="oc-23b">
         <name>.debug_info</name>
         <load_address>0x1350</load_address>
         <run_address>0x1350</run_address>
         <size>0x1bd</size>
         <input_file_ref idref="fl-4"/>
      </object_component>
      <object_component id="oc-244">
         <name>.debug_info</name>
         <load_address>0x150d</load_address>
         <run_address>0x150d</run_address>
         <size>0x206</size>
         <input_file_ref idref="fl-4"/>
      </object_component>
      <object_component id="oc-ba">
         <name>.debug_info</name>
         <load_address>0x1713</load_address>
         <run_address>0x1713</run_address>
         <size>0x18d</size>
         <input_file_ref idref="fl-4"/>
      </object_component>
      <object_component id="oc-226">
         <name>.debug_info</name>
         <load_address>0x18a0</load_address>
         <run_address>0x18a0</run_address>
         <size>0x10a</size>
         <input_file_ref idref="fl-4"/>
      </object_component>
      <object_component id="oc-231">
         <name>.debug_info</name>
         <load_address>0x19aa</load_address>
         <run_address>0x19aa</run_address>
         <size>0x123</size>
         <input_file_ref idref="fl-4"/>
      </object_component>
      <object_component id="oc-1e0">
         <name>.debug_info</name>
         <load_address>0x1acd</load_address>
         <run_address>0x1acd</run_address>
         <size>0x1cf</size>
         <input_file_ref idref="fl-4"/>
      </object_component>
      <object_component id="oc-c1">
         <name>.debug_info</name>
         <load_address>0x1c9c</load_address>
         <run_address>0x1c9c</run_address>
         <size>0x147</size>
         <input_file_ref idref="fl-4"/>
      </object_component>
      <object_component id="oc-215">
         <name>.debug_info</name>
         <load_address>0x1de3</load_address>
         <run_address>0x1de3</run_address>
         <size>0x142</size>
         <input_file_ref idref="fl-5"/>
      </object_component>
      <object_component id="oc-272">
         <name>.debug_info</name>
         <load_address>0x1f25</load_address>
         <run_address>0x1f25</run_address>
         <size>0x115</size>
         <input_file_ref idref="fl-5"/>
      </object_component>
      <object_component id="oc-210">
         <name>.debug_info</name>
         <load_address>0x203a</load_address>
         <run_address>0x203a</run_address>
         <size>0x17d</size>
         <input_file_ref idref="fl-5"/>
      </object_component>
      <object_component id="oc-a9">
         <name>.debug_info</name>
         <load_address>0x21b7</load_address>
         <run_address>0x21b7</run_address>
         <size>0xf0</size>
         <input_file_ref idref="fl-6"/>
      </object_component>
      <object_component id="oc-f3">
         <name>.debug_info</name>
         <load_address>0x22a7</load_address>
         <run_address>0x22a7</run_address>
         <size>0xf1</size>
         <input_file_ref idref="fl-6"/>
      </object_component>
      <object_component id="oc-19d">
         <name>.debug_info</name>
         <load_address>0x2398</load_address>
         <run_address>0x2398</run_address>
         <size>0x114</size>
         <input_file_ref idref="fl-8"/>
      </object_component>
      <object_component id="oc-1f1">
         <name>.debug_info</name>
         <load_address>0x24ac</load_address>
         <run_address>0x24ac</run_address>
         <size>0x116</size>
         <input_file_ref idref="fl-8"/>
      </object_component>
      <object_component id="oc-108">
         <name>.debug_info</name>
         <load_address>0x25c2</load_address>
         <run_address>0x25c2</run_address>
         <size>0x249</size>
         <input_file_ref idref="fl-8"/>
      </object_component>
      <object_component id="oc-154">
         <name>.debug_info</name>
         <load_address>0x280b</load_address>
         <run_address>0x280b</run_address>
         <size>0x1a5</size>
         <input_file_ref idref="fl-8"/>
      </object_component>
      <object_component id="oc-1a1">
         <name>.debug_info</name>
         <load_address>0x29b0</load_address>
         <run_address>0x29b0</run_address>
         <size>0x19c</size>
         <input_file_ref idref="fl-8"/>
      </object_component>
      <object_component id="oc-16d">
         <name>.debug_info</name>
         <load_address>0x2b4c</load_address>
         <run_address>0x2b4c</run_address>
         <size>0x257</size>
         <input_file_ref idref="fl-8"/>
      </object_component>
      <object_component id="oc-127">
         <name>.debug_info</name>
         <load_address>0x2da3</load_address>
         <run_address>0x2da3</run_address>
         <size>0x2c7</size>
         <input_file_ref idref="fl-8"/>
      </object_component>
      <object_component id="oc-22b">
         <name>.debug_info</name>
         <load_address>0x306a</load_address>
         <run_address>0x306a</run_address>
         <size>0x235</size>
         <input_file_ref idref="fl-8"/>
      </object_component>
      <object_component id="oc-174">
         <name>.debug_info</name>
         <load_address>0x329f</load_address>
         <run_address>0x329f</run_address>
         <size>0x1df</size>
         <input_file_ref idref="fl-8"/>
      </object_component>
      <object_component id="oc-12d">
         <name>.debug_info</name>
         <load_address>0x347e</load_address>
         <run_address>0x347e</run_address>
         <size>0x212</size>
         <input_file_ref idref="fl-8"/>
      </object_component>
      <object_component id="oc-380">
         <name>.debug_info</name>
         <load_address>0x3690</load_address>
         <run_address>0x3690</run_address>
         <size>0x1e3</size>
         <input_file_ref idref="fl-8"/>
      </object_component>
      <object_component id="oc-30b">
         <name>.debug_info</name>
         <load_address>0x3873</load_address>
         <run_address>0x3873</run_address>
         <size>0x1dc</size>
         <input_file_ref idref="fl-8"/>
      </object_component>
      <object_component id="oc-323">
         <name>.debug_info</name>
         <load_address>0x3a4f</load_address>
         <run_address>0x3a4f</run_address>
         <size>0x2d3</size>
         <input_file_ref idref="fl-8"/>
      </object_component>
      <object_component id="oc-341">
         <name>.debug_info</name>
         <load_address>0x3d22</load_address>
         <run_address>0x3d22</run_address>
         <size>0x227</size>
         <input_file_ref idref="fl-8"/>
      </object_component>
      <object_component id="oc-15a">
         <name>.debug_info</name>
         <load_address>0x3f49</load_address>
         <run_address>0x3f49</run_address>
         <size>0x28b</size>
         <input_file_ref idref="fl-8"/>
      </object_component>
      <object_component id="oc-102">
         <name>.debug_info</name>
         <load_address>0x41d4</load_address>
         <run_address>0x41d4</run_address>
         <size>0x345</size>
         <input_file_ref idref="fl-8"/>
      </object_component>
      <object_component id="oc-329">
         <name>.debug_info</name>
         <load_address>0x4519</load_address>
         <run_address>0x4519</run_address>
         <size>0x3f1</size>
         <input_file_ref idref="fl-8"/>
      </object_component>
      <object_component id="oc-335">
         <name>.debug_info</name>
         <load_address>0x490a</load_address>
         <run_address>0x490a</run_address>
         <size>0x2bb</size>
         <input_file_ref idref="fl-8"/>
      </object_component>
      <object_component id="oc-305">
         <name>.debug_info</name>
         <load_address>0x4bc5</load_address>
         <run_address>0x4bc5</run_address>
         <size>0x1dc</size>
         <input_file_ref idref="fl-8"/>
      </object_component>
      <object_component id="oc-317">
         <name>.debug_info</name>
         <load_address>0x4da1</load_address>
         <run_address>0x4da1</run_address>
         <size>0x28d</size>
         <input_file_ref idref="fl-8"/>
      </object_component>
      <object_component id="oc-2ff">
         <name>.debug_info</name>
         <load_address>0x502e</load_address>
         <run_address>0x502e</run_address>
         <size>0x1f7</size>
         <input_file_ref idref="fl-8"/>
      </object_component>
      <object_component id="oc-311">
         <name>.debug_info</name>
         <load_address>0x5225</load_address>
         <run_address>0x5225</run_address>
         <size>0x1c3</size>
         <input_file_ref idref="fl-8"/>
      </object_component>
      <object_component id="oc-f9">
         <name>.debug_info</name>
         <load_address>0x53e8</load_address>
         <run_address>0x53e8</run_address>
         <size>0x1cb</size>
         <input_file_ref idref="fl-8"/>
      </object_component>
      <object_component id="oc-114">
         <name>.debug_info</name>
         <load_address>0x55b3</load_address>
         <run_address>0x55b3</run_address>
         <size>0x1c3</size>
         <input_file_ref idref="fl-8"/>
      </object_component>
      <object_component id="oc-347">
         <name>.debug_info</name>
         <load_address>0x5776</load_address>
         <run_address>0x5776</run_address>
         <size>0x200</size>
         <input_file_ref idref="fl-8"/>
      </object_component>
      <object_component id="oc-33b">
         <name>.debug_info</name>
         <load_address>0x5976</load_address>
         <run_address>0x5976</run_address>
         <size>0x21d</size>
         <input_file_ref idref="fl-8"/>
      </object_component>
      <object_component id="oc-31d">
         <name>.debug_info</name>
         <load_address>0x5b93</load_address>
         <run_address>0x5b93</run_address>
         <size>0x2ef</size>
         <input_file_ref idref="fl-8"/>
      </object_component>
      <object_component id="oc-10e">
         <name>.debug_info</name>
         <load_address>0x5e82</load_address>
         <run_address>0x5e82</run_address>
         <size>0x1de</size>
         <input_file_ref idref="fl-8"/>
      </object_component>
      <object_component id="oc-32f">
         <name>.debug_info</name>
         <load_address>0x6060</load_address>
         <run_address>0x6060</run_address>
         <size>0x224</size>
         <input_file_ref idref="fl-8"/>
      </object_component>
      <object_component id="oc-34f">
         <name>.debug_info</name>
         <load_address>0x6284</load_address>
         <run_address>0x6284</run_address>
         <size>0x237</size>
         <input_file_ref idref="fl-9"/>
      </object_component>
      <object_component id="oc-2eb">
         <name>.debug_info</name>
         <load_address>0x64bb</load_address>
         <run_address>0x64bb</run_address>
         <size>0x201</size>
         <input_file_ref idref="fl-10"/>
      </object_component>
      <object_component id="oc-266">
         <name>.debug_info</name>
         <load_address>0x66bc</load_address>
         <run_address>0x66bc</run_address>
         <size>0x224</size>
         <input_file_ref idref="fl-12"/>
      </object_component>
      <object_component id="oc-2e4">
         <name>.debug_info</name>
         <load_address>0x68e0</load_address>
         <run_address>0x68e0</run_address>
         <size>0x20b</size>
         <input_file_ref idref="fl-13"/>
      </object_component>
      <object_component id="oc-2da">
         <name>.debug_info</name>
         <load_address>0x6aeb</load_address>
         <run_address>0x6aeb</run_address>
         <size>0x1d5</size>
         <input_file_ref idref="fl-13"/>
      </object_component>
      <object_component id="oc-2de">
         <name>.debug_info</name>
         <load_address>0x6cc0</load_address>
         <run_address>0x6cc0</run_address>
         <size>0x219</size>
         <input_file_ref idref="fl-13"/>
      </object_component>
      <object_component id="oc-2f3">
         <name>.debug_info</name>
         <load_address>0x6ed9</load_address>
         <run_address>0x6ed9</run_address>
         <size>0x21c</size>
         <input_file_ref idref="fl-13"/>
      </object_component>
      <object_component id="oc-2fa">
         <name>.debug_info</name>
         <load_address>0x70f5</load_address>
         <run_address>0x70f5</run_address>
         <size>0x1f3</size>
         <input_file_ref idref="fl-13"/>
      </object_component>
      <object_component id="oc-278">
         <name>.debug_info</name>
         <load_address>0x72e8</load_address>
         <run_address>0x72e8</run_address>
         <size>0x216</size>
         <input_file_ref idref="fl-13"/>
      </object_component>
      <object_component id="oc-cb">
         <name>.debug_info</name>
         <load_address>0x74fe</load_address>
         <run_address>0x74fe</run_address>
         <size>0x1af</size>
         <input_file_ref idref="fl-14"/>
      </object_component>
      <object_component id="oc-c7">
         <name>.debug_info</name>
         <load_address>0x76ad</load_address>
         <run_address>0x76ad</run_address>
         <size>0x1c5</size>
         <input_file_ref idref="fl-14"/>
      </object_component>
      <object_component id="oc-21a">
         <name>.debug_info</name>
         <load_address>0x7872</load_address>
         <run_address>0x7872</run_address>
         <size>0x1b9</size>
         <input_file_ref idref="fl-14"/>
      </object_component>
      <object_component id="oc-d0">
         <name>.debug_info</name>
         <load_address>0x7a2b</load_address>
         <run_address>0x7a2b</run_address>
         <size>0x1c9</size>
         <input_file_ref idref="fl-14"/>
      </object_component>
      <object_component id="oc-11a">
         <name>.debug_info</name>
         <load_address>0x7bf4</load_address>
         <run_address>0x7bf4</run_address>
         <size>0x201</size>
         <input_file_ref idref="fl-14"/>
      </object_component>
      <object_component id="oc-d7">
         <name>.debug_info</name>
         <load_address>0x7df5</load_address>
         <run_address>0x7df5</run_address>
         <size>0x1b7</size>
         <input_file_ref idref="fl-14"/>
      </object_component>
      <object_component id="oc-392">
         <name>.debug_info</name>
         <load_address>0x7fac</load_address>
         <run_address>0x7fac</run_address>
         <size>0x20c</size>
         <input_file_ref idref="fl-15"/>
      </object_component>
      <object_component id="oc-35c">
         <name>.debug_info</name>
         <load_address>0x81b8</load_address>
         <run_address>0x81b8</run_address>
         <size>0x1f1</size>
         <input_file_ref idref="fl-15"/>
      </object_component>
      <object_component id="oc-363">
         <name>.debug_info</name>
         <load_address>0x83a9</load_address>
         <run_address>0x83a9</run_address>
         <size>0x20a</size>
         <input_file_ref idref="fl-15"/>
      </object_component>
      <object_component id="oc-2c4">
         <name>.debug_info</name>
         <load_address>0x85b3</load_address>
         <run_address>0x85b3</run_address>
         <size>0x207</size>
         <input_file_ref idref="fl-15"/>
      </object_component>
      <object_component id="oc-2cb">
         <name>.debug_info</name>
         <load_address>0x87ba</load_address>
         <run_address>0x87ba</run_address>
         <size>0x30c</size>
         <input_file_ref idref="fl-15"/>
      </object_component>
      <object_component id="oc-26b">
         <name>.debug_info</name>
         <load_address>0x8ac6</load_address>
         <run_address>0x8ac6</run_address>
         <size>0x32b</size>
         <input_file_ref idref="fl-15"/>
      </object_component>
      <object_component id="oc-14a">
         <name>.debug_info</name>
         <load_address>0x8df1</load_address>
         <run_address>0x8df1</run_address>
         <size>0x158</size>
         <input_file_ref idref="fl-21"/>
      </object_component>
      <object_component id="oc-36a">
         <name>.debug_info</name>
         <load_address>0x8f49</load_address>
         <run_address>0x8f49</run_address>
         <size>0x127</size>
         <input_file_ref idref="fl-22"/>
      </object_component>
      <object_component id="oc-e2">
         <name>.debug_info</name>
         <load_address>0x9070</load_address>
         <run_address>0x9070</run_address>
         <size>0x19b</size>
         <input_file_ref idref="fl-23"/>
      </object_component>
      <object_component id="oc-188">
         <name>.debug_info</name>
         <load_address>0x920b</load_address>
         <run_address>0x920b</run_address>
         <size>0x14d</size>
         <input_file_ref idref="fl-24"/>
      </object_component>
      <object_component id="oc-1b2">
         <name>.debug_info</name>
         <load_address>0x9358</load_address>
         <run_address>0x9358</run_address>
         <size>0x1bf</size>
         <input_file_ref idref="fl-25"/>
      </object_component>
      <object_component id="oc-e7">
         <name>.debug_info</name>
         <load_address>0x9517</load_address>
         <run_address>0x9517</run_address>
         <size>0x1b6</size>
         <input_file_ref idref="fl-26"/>
      </object_component>
      <object_component id="oc-a0">
         <name>.debug_info</name>
         <load_address>0x96cd</load_address>
         <run_address>0x96cd</run_address>
         <size>0x1b7</size>
         <input_file_ref idref="fl-27"/>
      </object_component>
      <object_component id="oc-9c">
         <name>.debug_info</name>
         <load_address>0x9884</load_address>
         <run_address>0x9884</run_address>
         <size>0x219</size>
         <input_file_ref idref="fl-28"/>
      </object_component>
      <object_component id="oc-1e7">
         <name>.debug_info</name>
         <load_address>0x9a9d</load_address>
         <run_address>0x9a9d</run_address>
         <size>0x19e</size>
         <input_file_ref idref="fl-29"/>
      </object_component>
      <object_component id="oc-195">
         <name>.debug_info</name>
         <load_address>0x9c3b</load_address>
         <run_address>0x9c3b</run_address>
         <size>0x1a9</size>
         <input_file_ref idref="fl-29"/>
      </object_component>
      <object_component id="oc-1ea">
         <name>.debug_info</name>
         <load_address>0x9de4</load_address>
         <run_address>0x9de4</run_address>
         <size>0x107</size>
         <input_file_ref idref="fl-2a"/>
      </object_component>
      <object_component id="oc-2b4">
         <name>.debug_info</name>
         <load_address>0x9eeb</load_address>
         <run_address>0x9eeb</run_address>
         <size>0x10b</size>
         <input_file_ref idref="fl-2a"/>
      </object_component>
      <object_component id="oc-250">
         <name>.debug_info</name>
         <load_address>0x9ff6</load_address>
         <run_address>0x9ff6</run_address>
         <size>0x203</size>
         <input_file_ref idref="fl-2a"/>
      </object_component>
      <object_component id="oc-18f">
         <name>.debug_info</name>
         <load_address>0xa1f9</load_address>
         <run_address>0xa1f9</run_address>
         <size>0x15d</size>
         <input_file_ref idref="fl-2b"/>
      </object_component>
      <object_component id="oc-1fa">
         <name>.debug_info</name>
         <load_address>0xa356</load_address>
         <run_address>0xa356</run_address>
         <size>0x147</size>
         <input_file_ref idref="fl-2e"/>
      </object_component>
      <object_component id="oc-452">
         <name>.debug_info</name>
         <load_address>0xa49d</load_address>
         <run_address>0xa49d</run_address>
         <size>0x9e</size>
      </object_component>
      <object_component id="oc-2a1">
         <name>.debug_line</name>
         <load_address>0x0</load_address>
         <run_address>0x0</run_address>
         <size>0xd4</size>
         <input_file_ref idref="fl-2"/>
      </object_component>
      <object_component id="oc-287">
         <name>.debug_line</name>
         <load_address>0xd4</load_address>
         <run_address>0xd4</run_address>
         <size>0xcd</size>
         <input_file_ref idref="fl-2"/>
      </object_component>
      <object_component id="oc-299">
         <name>.debug_line</name>
         <load_address>0x1a1</load_address>
         <run_address>0x1a1</run_address>
         <size>0xeb</size>
         <input_file_ref idref="fl-2"/>
      </object_component>
      <object_component id="oc-283">
         <name>.debug_line</name>
         <load_address>0x28c</load_address>
         <run_address>0x28c</run_address>
         <size>0x58</size>
         <input_file_ref idref="fl-2"/>
      </object_component>
      <object_component id="oc-292">
         <name>.debug_line</name>
         <load_address>0x2e4</load_address>
         <run_address>0x2e4</run_address>
         <size>0x257</size>
         <input_file_ref idref="fl-2"/>
      </object_component>
      <object_component id="oc-b7">
         <name>.debug_line</name>
         <load_address>0x53b</load_address>
         <run_address>0x53b</run_address>
         <size>0xbd</size>
         <input_file_ref idref="fl-2"/>
      </object_component>
      <object_component id="oc-290">
         <name>.debug_line</name>
         <load_address>0x5f8</load_address>
         <run_address>0x5f8</run_address>
         <size>0xb7</size>
         <input_file_ref idref="fl-2"/>
      </object_component>
      <object_component id="oc-220">
         <name>.debug_line</name>
         <load_address>0x6af</load_address>
         <run_address>0x6af</run_address>
         <size>0x4b</size>
         <input_file_ref idref="fl-2"/>
      </object_component>
      <object_component id="oc-165">
         <name>.debug_line</name>
         <load_address>0x6fa</load_address>
         <run_address>0x6fa</run_address>
         <size>0x223</size>
         <input_file_ref idref="fl-2"/>
      </object_component>
      <object_component id="oc-16b">
         <name>.debug_line</name>
         <load_address>0x91d</load_address>
         <run_address>0x91d</run_address>
         <size>0x3a</size>
         <input_file_ref idref="fl-4"/>
      </object_component>
      <object_component id="oc-2a8">
         <name>.debug_line</name>
         <load_address>0x957</load_address>
         <run_address>0x957</run_address>
         <size>0x3a</size>
         <input_file_ref idref="fl-4"/>
      </object_component>
      <object_component id="oc-2b1">
         <name>.debug_line</name>
         <load_address>0x991</load_address>
         <run_address>0x991</run_address>
         <size>0x3a</size>
         <input_file_ref idref="fl-4"/>
      </object_component>
      <object_component id="oc-152">
         <name>.debug_line</name>
         <load_address>0x9cb</load_address>
         <run_address>0x9cb</run_address>
         <size>0x3a</size>
         <input_file_ref idref="fl-4"/>
      </object_component>
      <object_component id="oc-2ad">
         <name>.debug_line</name>
         <load_address>0xa05</load_address>
         <run_address>0xa05</run_address>
         <size>0xe7</size>
         <input_file_ref idref="fl-4"/>
      </object_component>
      <object_component id="oc-23e">
         <name>.debug_line</name>
         <load_address>0xaec</load_address>
         <run_address>0xaec</run_address>
         <size>0xf4</size>
         <input_file_ref idref="fl-4"/>
      </object_component>
      <object_component id="oc-247">
         <name>.debug_line</name>
         <load_address>0xbe0</load_address>
         <run_address>0xbe0</run_address>
         <size>0x1b7</size>
         <input_file_ref idref="fl-4"/>
      </object_component>
      <object_component id="oc-b9">
         <name>.debug_line</name>
         <load_address>0xd97</load_address>
         <run_address>0xd97</run_address>
         <size>0xc4</size>
         <input_file_ref idref="fl-4"/>
      </object_component>
      <object_component id="oc-225">
         <name>.debug_line</name>
         <load_address>0xe5b</load_address>
         <run_address>0xe5b</run_address>
         <size>0x76</size>
         <input_file_ref idref="fl-4"/>
      </object_component>
      <object_component id="oc-235">
         <name>.debug_line</name>
         <load_address>0xed1</load_address>
         <run_address>0xed1</run_address>
         <size>0x57</size>
         <input_file_ref idref="fl-4"/>
      </object_component>
      <object_component id="oc-1df">
         <name>.debug_line</name>
         <load_address>0xf28</load_address>
         <run_address>0xf28</run_address>
         <size>0x118</size>
         <input_file_ref idref="fl-4"/>
      </object_component>
      <object_component id="oc-be">
         <name>.debug_line</name>
         <load_address>0x1040</load_address>
         <run_address>0x1040</run_address>
         <size>0xb1</size>
         <input_file_ref idref="fl-4"/>
      </object_component>
      <object_component id="oc-168">
         <name>.debug_line</name>
         <load_address>0x10f1</load_address>
         <run_address>0x10f1</run_address>
         <size>0x21e</size>
         <input_file_ref idref="fl-4"/>
      </object_component>
      <object_component id="oc-213">
         <name>.debug_line</name>
         <load_address>0x130f</load_address>
         <run_address>0x130f</run_address>
         <size>0x9b</size>
         <input_file_ref idref="fl-5"/>
      </object_component>
      <object_component id="oc-274">
         <name>.debug_line</name>
         <load_address>0x13aa</load_address>
         <run_address>0x13aa</run_address>
         <size>0xa2</size>
         <input_file_ref idref="fl-5"/>
      </object_component>
      <object_component id="oc-20d">
         <name>.debug_line</name>
         <load_address>0x144c</load_address>
         <run_address>0x144c</run_address>
         <size>0x116</size>
         <input_file_ref idref="fl-5"/>
      </object_component>
      <object_component id="oc-2d5">
         <name>.debug_line</name>
         <load_address>0x1562</load_address>
         <run_address>0x1562</run_address>
         <size>0x174</size>
         <input_file_ref idref="fl-5"/>
      </object_component>
      <object_component id="oc-a7">
         <name>.debug_line</name>
         <load_address>0x16d6</load_address>
         <run_address>0x16d6</run_address>
         <size>0x4e</size>
         <input_file_ref idref="fl-6"/>
      </object_component>
      <object_component id="oc-f6">
         <name>.debug_line</name>
         <load_address>0x1724</load_address>
         <run_address>0x1724</run_address>
         <size>0x56</size>
         <input_file_ref idref="fl-6"/>
      </object_component>
      <object_component id="oc-1ef">
         <name>.debug_line</name>
         <load_address>0x177a</load_address>
         <run_address>0x177a</run_address>
         <size>0x72</size>
         <input_file_ref idref="fl-8"/>
      </object_component>
      <object_component id="oc-25b">
         <name>.debug_line</name>
         <load_address>0x17ec</load_address>
         <run_address>0x17ec</run_address>
         <size>0x72</size>
         <input_file_ref idref="fl-8"/>
      </object_component>
      <object_component id="oc-10b">
         <name>.debug_line</name>
         <load_address>0x185e</load_address>
         <run_address>0x185e</run_address>
         <size>0x12d</size>
         <input_file_ref idref="fl-8"/>
      </object_component>
      <object_component id="oc-157">
         <name>.debug_line</name>
         <load_address>0x198b</load_address>
         <run_address>0x198b</run_address>
         <size>0x85</size>
         <input_file_ref idref="fl-8"/>
      </object_component>
      <object_component id="oc-1a4">
         <name>.debug_line</name>
         <load_address>0x1a10</load_address>
         <run_address>0x1a10</run_address>
         <size>0x85</size>
         <input_file_ref idref="fl-8"/>
      </object_component>
      <object_component id="oc-170">
         <name>.debug_line</name>
         <load_address>0x1a95</load_address>
         <run_address>0x1a95</run_address>
         <size>0x162</size>
         <input_file_ref idref="fl-8"/>
      </object_component>
      <object_component id="oc-12a">
         <name>.debug_line</name>
         <load_address>0x1bf7</load_address>
         <run_address>0x1bf7</run_address>
         <size>0x115</size>
         <input_file_ref idref="fl-8"/>
      </object_component>
      <object_component id="oc-22e">
         <name>.debug_line</name>
         <load_address>0x1d0c</load_address>
         <run_address>0x1d0c</run_address>
         <size>0x134</size>
         <input_file_ref idref="fl-8"/>
      </object_component>
      <object_component id="oc-177">
         <name>.debug_line</name>
         <load_address>0x1e40</load_address>
         <run_address>0x1e40</run_address>
         <size>0xeb</size>
         <input_file_ref idref="fl-8"/>
      </object_component>
      <object_component id="oc-130">
         <name>.debug_line</name>
         <load_address>0x1f2b</load_address>
         <run_address>0x1f2b</run_address>
         <size>0x11d</size>
         <input_file_ref idref="fl-8"/>
      </object_component>
      <object_component id="oc-383">
         <name>.debug_line</name>
         <load_address>0x2048</load_address>
         <run_address>0x2048</run_address>
         <size>0xeb</size>
         <input_file_ref idref="fl-8"/>
      </object_component>
      <object_component id="oc-30e">
         <name>.debug_line</name>
         <load_address>0x2133</load_address>
         <run_address>0x2133</run_address>
         <size>0xf8</size>
         <input_file_ref idref="fl-8"/>
      </object_component>
      <object_component id="oc-326">
         <name>.debug_line</name>
         <load_address>0x222b</load_address>
         <run_address>0x222b</run_address>
         <size>0x1a3</size>
         <input_file_ref idref="fl-8"/>
      </object_component>
      <object_component id="oc-344">
         <name>.debug_line</name>
         <load_address>0x23ce</load_address>
         <run_address>0x23ce</run_address>
         <size>0x100</size>
         <input_file_ref idref="fl-8"/>
      </object_component>
      <object_component id="oc-15d">
         <name>.debug_line</name>
         <load_address>0x24ce</load_address>
         <run_address>0x24ce</run_address>
         <size>0x1cf</size>
         <input_file_ref idref="fl-8"/>
      </object_component>
      <object_component id="oc-105">
         <name>.debug_line</name>
         <load_address>0x269d</load_address>
         <run_address>0x269d</run_address>
         <size>0x171</size>
         <input_file_ref idref="fl-8"/>
      </object_component>
      <object_component id="oc-32c">
         <name>.debug_line</name>
         <load_address>0x280e</load_address>
         <run_address>0x280e</run_address>
         <size>0x318</size>
         <input_file_ref idref="fl-8"/>
      </object_component>
      <object_component id="oc-338">
         <name>.debug_line</name>
         <load_address>0x2b26</load_address>
         <run_address>0x2b26</run_address>
         <size>0x14a</size>
         <input_file_ref idref="fl-8"/>
      </object_component>
      <object_component id="oc-308">
         <name>.debug_line</name>
         <load_address>0x2c70</load_address>
         <run_address>0x2c70</run_address>
         <size>0x101</size>
         <input_file_ref idref="fl-8"/>
      </object_component>
      <object_component id="oc-31a">
         <name>.debug_line</name>
         <load_address>0x2d71</load_address>
         <run_address>0x2d71</run_address>
         <size>0x18d</size>
         <input_file_ref idref="fl-8"/>
      </object_component>
      <object_component id="oc-302">
         <name>.debug_line</name>
         <load_address>0x2efe</load_address>
         <run_address>0x2efe</run_address>
         <size>0x124</size>
         <input_file_ref idref="fl-8"/>
      </object_component>
      <object_component id="oc-314">
         <name>.debug_line</name>
         <load_address>0x3022</load_address>
         <run_address>0x3022</run_address>
         <size>0xef</size>
         <input_file_ref idref="fl-8"/>
      </object_component>
      <object_component id="oc-fc">
         <name>.debug_line</name>
         <load_address>0x3111</load_address>
         <run_address>0x3111</run_address>
         <size>0xe8</size>
         <input_file_ref idref="fl-8"/>
      </object_component>
      <object_component id="oc-117">
         <name>.debug_line</name>
         <load_address>0x31f9</load_address>
         <run_address>0x31f9</run_address>
         <size>0xec</size>
         <input_file_ref idref="fl-8"/>
      </object_component>
      <object_component id="oc-34a">
         <name>.debug_line</name>
         <load_address>0x32e5</load_address>
         <run_address>0x32e5</run_address>
         <size>0x121</size>
         <input_file_ref idref="fl-8"/>
      </object_component>
      <object_component id="oc-33e">
         <name>.debug_line</name>
         <load_address>0x3406</load_address>
         <run_address>0x3406</run_address>
         <size>0x113</size>
         <input_file_ref idref="fl-8"/>
      </object_component>
      <object_component id="oc-320">
         <name>.debug_line</name>
         <load_address>0x3519</load_address>
         <run_address>0x3519</run_address>
         <size>0x200</size>
         <input_file_ref idref="fl-8"/>
      </object_component>
      <object_component id="oc-111">
         <name>.debug_line</name>
         <load_address>0x3719</load_address>
         <run_address>0x3719</run_address>
         <size>0xe8</size>
         <input_file_ref idref="fl-8"/>
      </object_component>
      <object_component id="oc-332">
         <name>.debug_line</name>
         <load_address>0x3801</load_address>
         <run_address>0x3801</run_address>
         <size>0x119</size>
         <input_file_ref idref="fl-8"/>
      </object_component>
      <object_component id="oc-19a">
         <name>.debug_line</name>
         <load_address>0x391a</load_address>
         <run_address>0x391a</run_address>
         <size>0x121</size>
         <input_file_ref idref="fl-8"/>
      </object_component>
      <object_component id="oc-34e">
         <name>.debug_line</name>
         <load_address>0x3a3b</load_address>
         <run_address>0x3a3b</run_address>
         <size>0xa4</size>
         <input_file_ref idref="fl-9"/>
      </object_component>
      <object_component id="oc-39e">
         <name>.debug_line</name>
         <load_address>0x3adf</load_address>
         <run_address>0x3adf</run_address>
         <size>0xc1</size>
         <input_file_ref idref="fl-9"/>
      </object_component>
      <object_component id="oc-2ef">
         <name>.debug_line</name>
         <load_address>0x3ba0</load_address>
         <run_address>0x3ba0</run_address>
         <size>0x86</size>
         <input_file_ref idref="fl-10"/>
      </object_component>
      <object_component id="oc-39a">
         <name>.debug_line</name>
         <load_address>0x3c26</load_address>
         <run_address>0x3c26</run_address>
         <size>0xc7</size>
         <input_file_ref idref="fl-10"/>
      </object_component>
      <object_component id="oc-268">
         <name>.debug_line</name>
         <load_address>0x3ced</load_address>
         <run_address>0x3ced</run_address>
         <size>0xff</size>
         <input_file_ref idref="fl-12"/>
      </object_component>
      <object_component id="oc-359">
         <name>.debug_line</name>
         <load_address>0x3dec</load_address>
         <run_address>0x3dec</run_address>
         <size>0xc1</size>
         <input_file_ref idref="fl-12"/>
      </object_component>
      <object_component id="oc-2e7">
         <name>.debug_line</name>
         <load_address>0x3ead</load_address>
         <run_address>0x3ead</run_address>
         <size>0x8a</size>
         <input_file_ref idref="fl-13"/>
      </object_component>
      <object_component id="oc-2d8">
         <name>.debug_line</name>
         <load_address>0x3f37</load_address>
         <run_address>0x3f37</run_address>
         <size>0x8b</size>
         <input_file_ref idref="fl-13"/>
      </object_component>
      <object_component id="oc-2e1">
         <name>.debug_line</name>
         <load_address>0x3fc2</load_address>
         <run_address>0x3fc2</run_address>
         <size>0xa1</size>
         <input_file_ref idref="fl-13"/>
      </object_component>
      <object_component id="oc-2f6">
         <name>.debug_line</name>
         <load_address>0x4063</load_address>
         <run_address>0x4063</run_address>
         <size>0x8c</size>
         <input_file_ref idref="fl-13"/>
      </object_component>
      <object_component id="oc-2f8">
         <name>.debug_line</name>
         <load_address>0x40ef</load_address>
         <run_address>0x40ef</run_address>
         <size>0x8a</size>
         <input_file_ref idref="fl-13"/>
      </object_component>
      <object_component id="oc-277">
         <name>.debug_line</name>
[...]
         <name>DCSMZ2OTP</name>
         <page_id>0x1</page_id>
         <origin>0x78200</origin>
         <length>0x20</length>
         <used_space>0x0</used_space>
         <unused_space>0x20</unused_space>
         <attributes>RWIX</attributes>
         <usage_details>
         </usage_details>
      </memory_area>
   </placement_map>
   <cptbl_list>
      <cptbl>
         <name>__TI_cinit_table</name>
         <cprec>
            <name>.data</name>
            <load_address>0x81050</load_address>
            <load_size>0x3e</load_size>
            <run_address>0xa902</run_address>
            <run_size>0x62</run_size>
            <compression>lzss</compression>
         </cprec>
         <cprec>
            <name>.bss</name>
            <load_address>0x81094</load_address>
            <load_size>0x4</load_size>
            <run_address>0xa800</run_address>
            <run_size>0x102</run_size>
            <compression>zero_init</compression>
         </cprec>
      </cptbl>
   </cptbl_list>
   <handler_table>
      <handler_table_name>__TI_handler_table</handler_table_name>
      <handler>
         <index>0x0</index>
         <name>__TI_zero_init</name>
      </handler>
      <handler>
         <index>0x1</index>
         <name>__TI_decompress_lzss</name>
      </handler>
      <handler>
         <index>0x2</index>
         <name>__TI_decompress_none</name>
      </handler>
   </handler_table>
   <symbol_table>
      <symbol id="sm-1">
         <name>RamfuncsLoadStart</name>
         <value>0x81000</value>
      </symbol>
      <symbol id="sm-2">
         <name>RamfuncsLoadSize</name>
         <value>0x4f</value>
      </symbol>
      <symbol id="sm-3">
         <name>RamfuncsLoadEnd</name>
         <value>0x8104f</value>
      </symbol>
      <symbol id="sm-4">
         <name>RamfuncsRunStart</name>
         <value>0x8000</value>
      </symbol>
      <symbol id="sm-5">
         <name>RamfuncsRunSize</name>
         <value>0x4f</value>
      </symbol>
      <symbol id="sm-6">
         <name>RamfuncsRunEnd</name>
         <value>0x804f</value>
      </symbol>
      <symbol id="sm-7">
         <name>__TI_CINIT_Base</name>
         <value>0x81098</value>
      </symbol>
      <symbol id="sm-8">
         <name>__TI_CINIT_Limit</name>
         <value>0x810a0</value>
      </symbol>
      <symbol id="sm-9">
         <name>__TI_CINIT_Warm</name>
         <value>0x810a0</value>
      </symbol>
      <symbol id="sm-a">
         <name>__TI_Handler_Table_Base</name>
         <value>0x8108e</value>
      </symbol>
      <symbol id="sm-b">
         <name>__TI_Handler_Table_Limit</name>
         <value>0x81094</value>
      </symbol>
      <symbol id="sm-c">
         <name>__TI_STACK_SIZE</name>
         <value>0x100</value>
      </symbol>
      <symbol id="sm-d">
         <name>__TI_STACK_END</name>
         <value>0x500</value>
      </symbol>
      <symbol id="sm-e">
         <name>__TI_pprof_out_hndl</name>
         <value>0xffffffff</value>
      </symbol>
      <symbol id="sm-f">
         <name>__TI_prof_data_start</name>
         <value>0xffffffff</value>
      </symbol>
      <symbol id="sm-10">
         <name>__TI_prof_data_size</name>
         <value>0xffffffff</value>
      </symbol>
      <symbol id="sm-ef">
         <name>MCAN_COM_init</name>
         <value>0x82000</value>
         <object_component_ref idref="oc-291"/>
      </symbol>
      <symbol id="sm-f0">
         <name>INTERRUPT_init</name>
         <value>0x832b9</value>
         <object_component_ref idref="oc-b2"/>
      </symbol>
      <symbol id="sm-f1">
         <name>SPI_init</name>
         <value>0x82eb9</value>
         <object_component_ref idref="oc-297"/>
      </symbol>
      <symbol id="sm-f2">
         <name>MCAN_SYSCFG_init</name>
         <value>0x82000</value>
         <object_component_ref idref="oc-291"/>
      </symbol>
      <symbol id="sm-f3">
         <name>PinMux_init</name>
         <value>0x82bab</value>
         <object_component_ref idref="oc-27f"/>
      </symbol>
      <symbol id="sm-f4">
         <name>CAN_SLP_init</name>
         <value>0x832a0</value>
         <object_component_ref idref="oc-28b"/>
      </symbol>
      <symbol id="sm-f5">
         <name>Board_init</name>
         <value>0x8333b</value>
         <object_component_ref idref="oc-21e"/>
      </symbol>
      <symbol id="sm-f6">
         <name>GPIO_init</name>
         <value>0x832a0</value>
         <object_component_ref idref="oc-28b"/>
      </symbol>
      <symbol id="sm-f7">
         <name>EEPROM_SPI_init</name>
         <value>0x82eb9</value>
         <object_component_ref idref="oc-297"/>
      </symbol>
      <symbol id="sm-f8">
         <name>myWATCHDOG0_init</name>
         <value>0x82e3c</value>
         <object_component_ref idref="oc-29d"/>
      </symbol>
      <symbol id="sm-f9">
         <name>WATCHDOG_init</name>
         <value>0x82e3c</value>
         <object_component_ref idref="oc-29d"/>
      </symbol>
      <symbol id="sm-fa">
         <name>CPUTIMER_init</name>
         <value>0x83035</value>
         <object_component_ref idref="oc-285"/>
      </symbol>
      <symbol id="sm-fb">
         <name>myCPUTIMER0_init</name>
         <value>0x83035</value>
         <object_component_ref idref="oc-285"/>
      </symbol>
      <symbol id="sm-167">
         <name>counter_ISR_timer0</name>
         <value>0xa956</value>
         <object_component_ref idref="oc-123"/>
      </symbol>
      <symbol id="sm-168">
         <name>INT_myCPUTIMER0_ISR</name>
         <value>0x82c5f</value>
         <object_component_ref idref="oc-bd"/>
      </symbol>
      <symbol id="sm-169">
         <name>writeData</name>
         <value>0x82fa3</value>
         <object_component_ref idref="oc-239"/>
      </symbol>
      <symbol id="sm-16a">
         <name>speedSet_Hz</name>
         <value>0xa958</value>
         <object_component_ref idref="oc-123"/>
      </symbol>
      <symbol id="sm-16b">
         <name>flag_write_test</name>
         <value>0xa952</value>
         <object_component_ref idref="oc-123"/>
      </symbol>
      <symbol id="sm-16c">
         <name>canComVars</name>
         <value>0xa800</value>
         <object_component_ref idref="oc-fe"/>
      </symbol>
      <symbol id="sm-16d">
         <name>flag_read_test</name>
         <value>0xa953</value>
         <object_component_ref idref="oc-123"/>
      </symbol>
      <symbol id="sm-16e">
         <name>main</name>
         <value>0x82a58</value>
         <object_component_ref idref="oc-1de"/>
      </symbol>
      <symbol id="sm-16f">
         <name>mcanISR</name>
         <value>0x82b3f</value>
         <object_component_ref idref="oc-b1"/>
      </symbol>
      <symbol id="sm-170">
         <name>readBuffer</name>
         <value>0xa932</value>
         <object_component_ref idref="oc-23f"/>
      </symbol>
      <symbol id="sm-171">
         <name>enableWrite</name>
         <value>0x8317d</value>
         <object_component_ref idref="oc-2a9"/>
      </symbol>
      <symbol id="sm-172">
         <name>readData</name>
         <value>0x829d9</value>
         <object_component_ref idref="oc-242"/>
      </symbol>
      <symbol id="sm-173">
         <name>CANCOM_init</name>
         <value>0x83000</value>
         <object_component_ref idref="oc-224"/>
      </symbol>
      <symbol id="sm-174">
         <name>writeBuffer</name>
         <value>0xa942</value>
         <object_component_ref idref="oc-236"/>
      </symbol>
      <symbol id="sm-175">
         <name>CANCOM_updateCANCmdFreq</name>
         <value>0x83377</value>
         <object_component_ref idref="oc-230"/>
      </symbol>
      <symbol id="sm-176">
         <name>flagEnableCmd</name>
         <value>0xa954</value>
         <object_component_ref idref="oc-123"/>
      </symbol>
      <symbol id="sm-177">
         <name>flagCmdRun</name>
         <value>0xa955</value>
         <object_component_ref idref="oc-123"/>
      </symbol>
      <symbol id="sm-192">
         <name>Device_enableAllPeripherals</name>
         <value>0x82511</value>
         <object_component_ref idref="oc-26f"/>
      </symbol>
      <symbol id="sm-193">
         <name>Device_initGPIO</name>
         <value>0x83328</value>
         <object_component_ref idref="oc-212"/>
      </symbol>
      <symbol id="sm-194">
         <name>Device_init</name>
         <value>0x82dbe</value>
         <object_component_ref idref="oc-20c"/>
      </symbol>
      <symbol id="sm-1a3">
         <name>code_start</name>
         <value>0x80000</value>
         <object_component_ref idref="oc-a6"/>
      </symbol>
      <symbol id="sm-2a6">
         <name>MCAN_extTSWriteEOI</name>
         <value>0x833af</value>
         <object_component_ref idref="oc-113"/>
      </symbol>
      <symbol id="sm-2a7">
         <name>MCAN_enableIntrLine</name>
         <value>0x83286</value>
         <object_component_ref idref="oc-346"/>
      </symbol>
      <symbol id="sm-2a8">
         <name>MCAN_getOpMode</name>
         <value>0x833e7</value>
         <object_component_ref idref="oc-310"/>
      </symbol>
      <symbol id="sm-2a9">
         <name>MCAN_writeMsgRam</name>
         <value>0x82ef6</value>
         <object_component_ref idref="oc-126"/>
      </symbol>
      <symbol id="sm-2aa">
         <name>MCAN_addStdMsgIDFilter</name>
         <value>0x830c9</value>
         <object_component_ref idref="oc-32e"/>
      </symbol>
      <symbol id="sm-2ab">
         <name>MCAN_getMsgObjSize</name>
         <value>0x833e0</value>
         <object_component_ref idref="oc-153"/>
      </symbol>
      <symbol id="sm-2ac">
         <name>MCAN_isMemInitDone</name>
         <value>0x8334c</value>
         <object_component_ref idref="oc-304"/>
      </symbol>
      <symbol id="sm-2ad">
         <name>MCAN_lpbkModeEnable</name>
         <value>0x82caa</value>
         <object_component_ref idref="oc-334"/>
      </symbol>
      <symbol id="sm-2ae">
         <name>MCAN_enableIntr</name>
         <value>0x832d0</value>
         <object_component_ref idref="oc-33a"/>
      </symbol>
      <symbol id="sm-2af">
         <name>MCAN_txBufTransIntrEnable</name>
         <value>0x831a5</value>
         <object_component_ref idref="oc-22a"/>
      </symbol>
      <symbol id="sm-2b0">
         <name>MCAN_setOpMode</name>
         <value>0x8335b</value>
         <object_component_ref idref="oc-30a"/>
      </symbol>
      <symbol id="sm-2b1">
         <name>MCAN_readMsgRam</name>
         <value>0x82ace</value>
         <object_component_ref idref="oc-101"/>
      </symbol>
      <symbol id="sm-2b2">
         <name>MCAN_getIntrStatus</name>
         <value>0x83401</value>
         <object_component_ref idref="oc-f8"/>
      </symbol>
      <symbol id="sm-2b3">
         <name>MCAN_clearIntrStatus</name>
         <value>0x833fb</value>
         <object_component_ref idref="oc-10d"/>
      </symbol>
      <symbol id="sm-2b4">
         <name>MCAN_selectIntrLine</name>
         <value>0x83313</value>
         <object_component_ref idref="oc-340"/>
      </symbol>
      <symbol id="sm-2b5">
         <name>MCAN_getRevisionId</name>
         <value>0x82c07</value>
         <object_component_ref idref="oc-2fe"/>
      </symbol>
      <symbol id="sm-2b6">
         <name>MCAN_config</name>
         <value>0x8281a</value>
         <object_component_ref idref="oc-31c"/>
      </symbol>
      <symbol id="sm-2b7">
         <name>MCAN_init</name>
         <value>0x825e4</value>
         <object_component_ref idref="oc-316"/>
      </symbol>
      <symbol id="sm-2b8">
         <name>MCAN_txBufAddReq</name>
         <value>0x8326b</value>
         <object_component_ref idref="oc-12c"/>
      </symbol>
      <symbol id="sm-2b9">
         <name>MCAN_writeRxFIFOAck</name>
         <value>0x82f32</value>
         <object_component_ref idref="oc-107"/>
      </symbol>
      <symbol id="sm-2ba">
         <name>MCAN_msgRAMConfig</name>
         <value>0x82193</value>
         <object_component_ref idref="oc-328"/>
      </symbol>
      <symbol id="sm-2bb">
         <name>MCAN_setBitTime</name>
         <value>0x828c0</value>
         <object_component_ref idref="oc-322"/>
      </symbol>
      <symbol id="sm-2c8">
         <name>SPI_setConfig</name>
         <value>0x82fd9</value>
         <object_component_ref idref="oc-34d"/>
      </symbol>
      <symbol id="sm-2d5">
         <name>CPUTimer_setEmulationMode</name>
         <value>0x833f5</value>
         <object_component_ref idref="oc-2ea"/>
      </symbol>
      <symbol id="sm-2e3">
         <name>Flash_initModule</name>
         <value>0x8000</value>
         <object_component_ref idref="oc-263"/>
      </symbol>
      <symbol id="sm-31f">
         <name>GPIO_setQualificationMode</name>
         <value>0x831eb</value>
         <object_component_ref idref="oc-2e3"/>
      </symbol>
      <symbol id="sm-320">
         <name>GPIO_setPadConfig</name>
         <value>0x82dfd</value>
         <object_component_ref idref="oc-2dd"/>
      </symbol>
      <symbol id="sm-321">
         <name>GPIO_setAnalogMode</name>
         <value>0x82cf3</value>
         <object_component_ref idref="oc-275"/>
      </symbol>
      <symbol id="sm-322">
         <name>GPIO_setDirectionMode</name>
         <value>0x8322e</value>
         <object_component_ref idref="oc-2f1"/>
      </symbol>
      <symbol id="sm-323">
         <name>GPIO_setPinConfig</name>
         <value>0x83099</value>
         <object_component_ref idref="oc-2d7"/>
      </symbol>
      <symbol id="sm-324">
         <name>GPIO_setControllerCore</name>
         <value>0x831c9</value>
         <object_component_ref idref="oc-2f7"/>
      </symbol>
      <symbol id="sm-35b">
         <name>Interrupt_defaultHandler</name>
         <value>0x83383</value>
         <object_component_ref idref="oc-d5"/>
      </symbol>
      <symbol id="sm-35c">
         <name>Interrupt_initModule</name>
         <value>0x82d7d</value>
         <object_component_ref idref="oc-218"/>
      </symbol>
      <symbol id="sm-35d">
         <name>Interrupt_nmiHandler</name>
         <value>0x833a5</value>
         <object_component_ref idref="oc-c3"/>
      </symbol>
      <symbol id="sm-35e">
         <name>Interrupt_enable</name>
         <value>0x82f6d</value>
         <object_component_ref idref="oc-119"/>
      </symbol>
      <symbol id="sm-35f">
         <name>Interrupt_initVectorTable</name>
         <value>0x832fe</value>
         <object_component_ref idref="oc-c5"/>
      </symbol>
      <symbol id="sm-360">
         <name>Interrupt_illegalOperationHandler</name>
         <value>0x8339b</value>
         <object_component_ref idref="oc-cf"/>
      </symbol>
      <symbol id="sm-3bf">
         <name>SysCtl_isPLLValid</name>
         <value>0x82428</value>
         <object_component_ref idref="oc-2c9"/>
      </symbol>
      <symbol id="sm-3c0">
         <name>SysCtl_delay</name>
         <value>0x804b</value>
         <object_component_ref idref="oc-2c2"/>
      </symbol>
      <symbol id="sm-3c1">
         <name>SysCtl_selectXTALSingleEnded</name>
         <value>0x8320d</value>
         <object_component_ref idref="oc-35b"/>
      </symbol>
      <symbol id="sm-3c2">
         <name>SysCtl_selectXTAL</name>
         <value>0x82d38</value>
         <object_component_ref idref="oc-361"/>
      </symbol>
      <symbol id="sm-3c3">
         <name>SysCtl_selectOscSource</name>
         <value>0x83068</value>
         <object_component_ref idref="oc-2c3"/>
      </symbol>
      <symbol id="sm-3c4">
         <name>SysCtl_setClock</name>
         <value>0x8230b</value>
         <object_component_ref idref="oc-269"/>
      </symbol>
      <symbol id="sm-3ce">
         <name>_c_int00</name>
         <value>0x832e7</value>
         <object_component_ref idref="oc-149"/>
      </symbol>
      <symbol id="sm-3cf">
         <name>__stack</name>
         <value>0x400</value>
         <object_component_ref idref="oc-db"/>
      </symbol>
      <symbol id="sm-3dc">
         <name>__c28xabi_divf</name>
         <value>0x82951</value>
         <object_component_ref idref="oc-368"/>
      </symbol>
      <symbol id="sm-3ee">
         <name>memcpy</name>
         <value>0x8324e</value>
         <object_component_ref idref="oc-de"/>
      </symbol>
      <symbol id="sm-3fb">
         <name>_system_pre_init</name>
         <value>0x83406</value>
         <object_component_ref idref="oc-185"/>
      </symbol>
      <symbol id="sm-40a">
         <name>__TI_auto_init_nobinit_nopinit</name>
         <value>0x83129</value>
         <object_component_ref idref="oc-1ae"/>
      </symbol>
      <symbol id="sm-419">
         <name>__TI_zero_init_nomemset</name>
         <value>0x8336a</value>
         <object_component_ref idref="oc-e6"/>
      </symbol>
      <symbol id="sm-426">
         <name>__TI_decompress_none</name>
         <value>0x833c9</value>
         <object_component_ref idref="oc-9f"/>
      </symbol>
      <symbol id="sm-43a">
         <name>__TI_decompress_lzss</name>
         <value>0x830f9</value>
         <object_component_ref idref="oc-99"/>
      </symbol>
      <symbol id="sm-450">
         <name>C$$EXIT</name>
         <value>0x83154</value>
         <object_component_ref idref="oc-192"/>
      </symbol>
      <symbol id="sm-451">
         <name>abort</name>
         <value>0x83154</value>
         <object_component_ref idref="oc-192"/>
      </symbol>
      <symbol id="sm-452">
         <name>exit</name>
         <value>0x83156</value>
         <object_component_ref idref="oc-192"/>
      </symbol>
      <symbol id="sm-453">
         <name>__TI_dtors_ptr</name>
         <value>0xa95e</value>
         <object_component_ref idref="oc-1e6"/>
      </symbol>
      <symbol id="sm-454">
         <name>__TI_cleanup_ptr</name>
         <value>0xa95c</value>
         <object_component_ref idref="oc-1e6"/>
      </symbol>
      <symbol id="sm-455">
         <name>__TI_enable_exit_profile_output</name>
         <value>0xa95a</value>
         <object_component_ref idref="oc-1e6"/>
      </symbol>
      <symbol id="sm-46c">
         <name>_nop</name>
         <value>0x833c0</value>
         <object_component_ref idref="oc-24e"/>
      </symbol>
      <symbol id="sm-46d">
         <name>_lock</name>
         <value>0xa960</value>
         <object_component_ref idref="oc-1e9"/>
      </symbol>
      <symbol id="sm-46e">
         <name>_unlock</name>
         <value>0xa962</value>
         <object_component_ref idref="oc-2b3"/>
      </symbol>
      <symbol id="sm-46f">
         <name>_register_lock</name>
         <value>0x833bc</value>
         <object_component_ref idref="oc-24e"/>
      </symbol>
      <symbol id="sm-470">
         <name>_register_unlock</name>
         <value>0x833b8</value>
         <object_component_ref idref="oc-24e"/>
      </symbol>
      <symbol id="sm-47f">
         <name>_args_main</name>
         <value>0x8338f</value>
         <object_component_ref idref="oc-18c"/>
      </symbol>
      <symbol id="sm-48e">
         <name>_system_post_cinit</name>
         <value>0x82fff</value>
         <object_component_ref idref="oc-1f7"/>
      </symbol>
      <symbol id="sm-490">
         <name>__c_args__</name>
         <value>0x0</value>
      </symbol>
   </symbol_table>
   <title>Link successful</title>
</link_info>
